Archive member included to satisfy reference by file (symbol)

/usr/lib/gcc/arm-none-eabi/6.3.1/../../../arm-none-eabi/lib/thumb/v7e-m/fpv4-sp/hard/libc_nano.a(lib_a-atexit.o)
                              /usr/lib/gcc/arm-none-eabi/6.3.1/../../../arm-none-eabi/lib/thumb/v7e-m/fpv4-sp/hard/crt0.o (atexit)
/usr/lib/gcc/arm-none-eabi/6.3.1/../../../arm-none-eabi/lib/thumb/v7e-m/fpv4-sp/hard/libc_nano.a(lib_a-exit.o)
                              /usr/lib/gcc/arm-none-eabi/6.3.1/../../../arm-none-eabi/lib/thumb/v7e-m/fpv4-sp/hard/crt0.o (exit)
/usr/lib/gcc/arm-none-eabi/6.3.1/../../../arm-none-eabi/lib/thumb/v7e-m/fpv4-sp/hard/libc_nano.a(lib_a-fini.o)
                              /usr/lib/gcc/arm-none-eabi/6.3.1/../../../arm-none-eabi/lib/thumb/v7e-m/fpv4-sp/hard/crt0.o (__libc_fini_array)
/usr/lib/gcc/arm-none-eabi/6.3.1/../../../arm-none-eabi/lib/thumb/v7e-m/fpv4-sp/hard/libc_nano.a(lib_a-impure.o)
                              /usr/lib/gcc/arm-none-eabi/6.3.1/../../../arm-none-eabi/lib/thumb/v7e-m/fpv4-sp/hard/libc_nano.a(lib_a-exit.o) (_global_impure_ptr)
/usr/lib/gcc/arm-none-eabi/6.3.1/../../../arm-none-eabi/lib/thumb/v7e-m/fpv4-sp/hard/libc_nano.a(lib_a-init.o)
                              /usr/lib/gcc/arm-none-eabi/6.3.1/../../../arm-none-eabi/lib/thumb/v7e-m/fpv4-sp/hard/crt0.o (__libc_init_array)
/usr/lib/gcc/arm-none-eabi/6.3.1/../../../arm-none-eabi/lib/thumb/v7e-m/fpv4-sp/hard/libc_nano.a(lib_a-memset.o)
                              /usr/lib/gcc/arm-none-eabi/6.3.1/../../../arm-none-eabi/lib/thumb/v7e-m/fpv4-sp/hard/crt0.o (memset)
/usr/lib/gcc/arm-none-eabi/6.3.1/../../../arm-none-eabi/lib/thumb/v7e-m/fpv4-sp/hard/libc_nano.a(lib_a-__atexit.o)
                              /usr/lib/gcc/arm-none-eabi/6.3.1/../../../arm-none-eabi/lib/thumb/v7e-m/fpv4-sp/hard/libc_nano.a(lib_a-atexit.o) (__register_exitproc)
/usr/lib/gcc/arm-none-eabi/6.3.1/../../../arm-none-eabi/lib/thumb/v7e-m/fpv4-sp/hard/libc_nano.a(lib_a-__call_atexit.o)
                              /usr/lib/gcc/arm-none-eabi/6.3.1/../../../arm-none-eabi/lib/thumb/v7e-m/fpv4-sp/hard/libc_nano.a(lib_a-__atexit.o) (__call_exitprocs)
/usr/lib/gcc/arm-none-eabi/6.3.1/../../../arm-none-eabi/lib/thumb/v7e-m/fpv4-sp/hard/libnosys.a(_exit.o)
                              /usr/lib/gcc/arm-none-eabi/6.3.1/../../../arm-none-eabi/lib/thumb/v7e-m/fpv4-sp/hard/libc_nano.a(lib_a-exit.o) (_exit)
../../libopencm3/lib/libopencm3_stm32f4.a(adc_common_v1.o)
                              CMakeFiles/KURS.dir/src/main.c.o (adc_disable_scan_mode)
../../libopencm3/lib/libopencm3_stm32f4.a(adc_common_v1_multi.o)
                              CMakeFiles/KURS.dir/src/main.c.o (adc_power_on)
../../libopencm3/lib/libopencm3_stm32f4.a(adc_common_f47.o)
                              CMakeFiles/KURS.dir/src/main.c.o (adc_set_sample_time)
../../libopencm3/lib/libopencm3_stm32f4.a(dac_common_all.o)
                              CMakeFiles/KURS.dir/src/main.c.o (dac_enable)
../../libopencm3/lib/libopencm3_stm32f4.a(gpio_common_all.o)
                              CMakeFiles/KURS.dir/src/main.c.o (gpio_set)
../../libopencm3/lib/libopencm3_stm32f4.a(gpio_common_f0234.o)
                              CMakeFiles/KURS.dir/src/main.c.o (gpio_mode_setup)
../../libopencm3/lib/libopencm3_stm32f4.a(rcc_common_all.o)
                              CMakeFiles/KURS.dir/src/main.c.o (rcc_periph_clock_enable)
../../libopencm3/lib/libopencm3_stm32f4.a(rcc.o)
                              CMakeFiles/KURS.dir/src/main.c.o (rcc_clock_setup_pll)
../../libopencm3/lib/libopencm3_stm32f4.a(timer_common_all.o)
                              CMakeFiles/KURS.dir/src/main.c.o (timer_enable_irq)
../../libopencm3/lib/libopencm3_stm32f4.a(vector.o)
                              (reset_handler)
../../libopencm3/lib/libopencm3_stm32f4.a(flash_common_all.o)
                              ../../libopencm3/lib/libopencm3_stm32f4.a(rcc.o) (flash_set_ws)
../../libopencm3/lib/libopencm3_stm32f4.a(flash_common_idcache.o)
                              ../../libopencm3/lib/libopencm3_stm32f4.a(rcc.o) (flash_dcache_enable)
../../libopencm3/lib/libopencm3_stm32f4.a(pwr.o)
                              ../../libopencm3/lib/libopencm3_stm32f4.a(rcc.o) (pwr_set_vos_scale)
/usr/lib/gcc/arm-none-eabi/6.3.1/../../../arm-none-eabi/lib/thumb/v7e-m/fpv4-sp/hard/libm.a(lib_a-s_round.o)
                              CMakeFiles/KURS.dir/src/main.c.o (round)
/usr/lib/gcc/arm-none-eabi/6.3.1/thumb/v7e-m/fpv4-sp/hard/libgcc.a(_arm_addsubdf3.o)
                              CMakeFiles/KURS.dir/src/main.c.o (__aeabi_dsub)
/usr/lib/gcc/arm-none-eabi/6.3.1/thumb/v7e-m/fpv4-sp/hard/libgcc.a(_arm_muldivdf3.o)
                              CMakeFiles/KURS.dir/src/main.c.o (__aeabi_dmul)
/usr/lib/gcc/arm-none-eabi/6.3.1/thumb/v7e-m/fpv4-sp/hard/libgcc.a(_arm_fixunsdfsi.o)
                              CMakeFiles/KURS.dir/src/main.c.o (__aeabi_d2uiz)

Discarded input sections

[...]
Memory Configuration

Name             Origin             Length             Attributes
ram              0x0000000020000000 0x0000000000020000 xrw
rom              0x0000000008000000 0x0000000000100000 xr
ccm              0x0000000010000000 0x0000000000010000 xrw
*default*        0x0000000000000000 0xffffffffffffffff

Linker script and memory map

LOAD /usr/lib/gcc/arm-none-eabi/6.3.1/thumb/v7e-m/fpv4-sp/hard/crti.o
LOAD /usr/lib/gcc/arm-none-eabi/6.3.1/thumb/v7e-m/fpv4-sp/hard/crtbegin.o
LOAD /usr/lib/gcc/arm-none-eabi/6.3.1/../../../arm-none-eabi/lib/thumb/v7e-m/fpv4-sp/hard/crt0.o
LOAD /usr/lib/gcc/arm-none-eabi/6.3.1/../../../arm-none-eabi/lib/thumb/v7e-m/fpv4-sp/hard/libc_nano.a
LOAD /usr/lib/gcc/arm-none-eabi/6.3.1/../../../arm-none-eabi/lib/thumb/v7e-m/fpv4-sp/hard/libnosys.a
LOAD CMakeFiles/KURS.dir/src/main.c.o
LOAD ../../libopencm3/lib/libopencm3_stm32f4.a
LOAD /usr/lib/gcc/arm-none-eabi/6.3.1/../../../arm-none-eabi/lib/thumb/v7e-m/fpv4-sp/hard/libm.a
START GROUP
LOAD /usr/lib/gcc/arm-none-eabi/6.3.1/thumb/v7e-m/fpv4-sp/hard/libgcc.a
LOAD /usr/lib/gcc/arm-none-eabi/6.3.1/../../../arm-none-eabi/lib/thumb/v7e-m/fpv4-sp/hard/libc_nano.a
END GROUP
START GROUP
LOAD /usr/lib/gcc/arm-none-eabi/6.3.1/thumb/v7e-m/fpv4-sp/hard/libgcc.a
LOAD /usr/lib/gcc/arm-none-eabi/6.3.1/../../../arm-none-eabi/lib/thumb/v7e-m/fpv4-sp/hard/libc_nano.a
END GROUP
LOAD /usr/lib/gcc/arm-none-eabi/6.3.1/thumb/v7e-m/fpv4-sp/hard/crtend.o
LOAD /usr/lib/gcc/arm-none-eabi/6.3.1/thumb/v7e-m/fpv4-sp/hard/crtn.o

.text           0x0000000008000000     0x141c
 *(.vectors)
 .vectors       0x0000000008000000      0x1ac ../../libopencm3/lib/libopencm3_stm32f4.a(vector.o)
                0x0000000008000000                vector_table
 *(.text*)
 .text          0x00000000080001ac       0xa4 /usr/lib/gcc/arm-none-eabi/6.3.1/thumb/v7e-m/fpv4-sp/hard/crtbegin.o
 .text.main     0x0000000008000250      0x100 CMakeFiles/KURS.dir/src/main.c.o
                0x0000000008000250                main
 .text.IIRFilter
                0x0000000008000350      0x148 CMakeFiles/KURS.dir/src/main.c.o
                0x0000000008000350                IIRFilter
 .text.setup_dac
                0x0000000008000498       0x28 CMakeFiles/KURS.dir/src/main.c.o
                0x0000000008000498                setup_dac
 .text.setup_adc
                0x00000000080004c0       0x40 CMakeFiles/KURS.dir/src/main.c.o
                0x00000000080004c0                setup_adc
 .text.first_sample
                0x0000000008000500       0x40 CMakeFiles/KURS.dir/src/main.c.o
                0x0000000008000500                first_sample
 .text.adc      0x0000000008000540       0x24 CMakeFiles/KURS.dir/src/main.c.o
                0x0000000008000540                adc
 .text.dac      0x0000000008000564       0x1e CMakeFiles/KURS.dir/src/main.c.o
                0x0000000008000564                dac
 *fill*         0x0000000008000582        0x2 
 .text.setup_timer
                0x0000000008000584       0x40 CMakeFiles/KURS.dir/src/main.c.o
                0x0000000008000584                setup_timer
 .text.adc_disable_scan_mode
                0x00000000080005c4        0xa ../../libopencm3/lib/libopencm3_stm32f4.a(adc_common_v1.o)
                0x00000000080005c4                adc_disable_scan_mode
 .text.adc_eoc  0x00000000080005ce        0x8 ../../libopencm3/lib/libopencm3_stm32f4.a(adc_common_v1.o)
                0x00000000080005ce                adc_eoc
 .text.adc_read_regular
                0x00000000080005d6        0x4 ../../libopencm3/lib/libopencm3_stm32f4.a(adc_common_v1.o)
                0x00000000080005d6                adc_read_regular
 .text.adc_set_single_conversion_mode
                0x00000000080005da        0xa ../../libopencm3/lib/libopencm3_stm32f4.a(adc_common_v1.o)
                0x00000000080005da                adc_set_single_conversion_mode
 .text.adc_start_conversion_regular
                0x00000000080005e4       0x14 ../../libopencm3/lib/libopencm3_stm32f4.a(adc_common_v1.o)
                0x00000000080005e4                adc_start_conversion_regular
 .text.adc_power_on
                0x00000000080005f8        0xa ../../libopencm3/lib/libopencm3_stm32f4.a(adc_common_v1_multi.o)
                0x00000000080005f8                adc_power_on
 .text.adc_set_sample_time
                0x0000000008000602       0x38 ../../libopencm3/lib/libopencm3_stm32f4.a(adc_common_f47.o)
                0x0000000008000602                adc_set_sample_time
 *fill*         0x000000000800063a        0x2 
 .text.dac_enable
                0x000000000800063c       0x30 ../../libopencm3/lib/libopencm3_stm32f4.a(dac_common_all.o)
                0x000000000800063c                dac_enable
 .text.dac_load_data_buffer_single
                0x000000000800066c       0x50 ../../libopencm3/lib/libopencm3_stm32f4.a(dac_common_all.o)
                0x000000000800066c                dac_load_data_buffer_single
 .text.gpio_set
                0x00000000080006bc        0x4 ../../libopencm3/lib/libopencm3_stm32f4.a(gpio_common_all.o)
                0x00000000080006bc                gpio_set
 .text.gpio_clear
                0x00000000080006c0        0x6 ../../libopencm3/lib/libopencm3_stm32f4.a(gpio_common_all.o)
                0x00000000080006c0                gpio_clear
 .text.gpio_mode_setup
                0x00000000080006c6       0x44 ../../libopencm3/lib/libopencm3_stm32f4.a(gpio_common_f0234.o)
                0x00000000080006c6                gpio_mode_setup
 .text.rcc_periph_clock_enable
                0x000000000800070a       0x1a ../../libopencm3/lib/libopencm3_stm32f4.a(rcc_common_all.o)
                0x000000000800070a                rcc_periph_clock_enable
 .text.rcc_is_osc_ready
                0x0000000008000724       0x5c ../../libopencm3/lib/libopencm3_stm32f4.a(rcc.o)
                0x0000000008000724                rcc_is_osc_ready
 .text.rcc_wait_for_osc_ready
                0x0000000008000780       0x10 ../../libopencm3/lib/libopencm3_stm32f4.a(rcc.o)
                0x0000000008000780                rcc_wait_for_osc_ready
 .text.rcc_osc_on
                0x0000000008000790       0x58 ../../libopencm3/lib/libopencm3_stm32f4.a(rcc.o)
                0x0000000008000790                rcc_osc_on
 .text.rcc_osc_off
                0x00000000080007e8       0x58 ../../libopencm3/lib/libopencm3_stm32f4.a(rcc.o)
                0x00000000080007e8                rcc_osc_off
 .text.rcc_set_sysclk_source
                0x0000000008000840       0x14 ../../libopencm3/lib/libopencm3_stm32f4.a(rcc.o)
                0x0000000008000840                rcc_set_sysclk_source
 .text.rcc_set_ppre2
                0x0000000008000854       0x14 ../../libopencm3/lib/libopencm3_stm32f4.a(rcc.o)
                0x0000000008000854                rcc_set_ppre2
 .text.rcc_set_ppre1
                0x0000000008000868       0x14 ../../libopencm3/lib/libopencm3_stm32f4.a(rcc.o)
                0x0000000008000868                rcc_set_ppre1
 .text.rcc_set_hpre
                0x000000000800087c       0x14 ../../libopencm3/lib/libopencm3_stm32f4.a(rcc.o)
                0x000000000800087c                rcc_set_hpre
 .text.rcc_set_main_pll_hsi
                0x0000000008000890       0x44 ../../libopencm3/lib/libopencm3_stm32f4.a(rcc.o)
                0x0000000008000890                rcc_set_main_pll_hsi
 .text.rcc_set_main_pll_hse
                0x00000000080008d4       0x44 ../../libopencm3/lib/libopencm3_stm32f4.a(rcc.o)
                0x00000000080008d4                rcc_set_main_pll_hse
 .text.rcc_clock_setup_pll
                0x0000000008000918       0xf4 ../../libopencm3/lib/libopencm3_stm32f4.a(rcc.o)
                0x0000000008000918                rcc_clock_setup_pll
 .text.timer_enable_irq
                0x0000000008000a0c        0x8 ../../libopencm3/lib/libopencm3_stm32f4.a(timer_common_all.o)
                0x0000000008000a0c                timer_enable_irq
 .text.timer_get_flag
                0x0000000008000a14        0xc ../../libopencm3/lib/libopencm3_stm32f4.a(timer_common_all.o)
                0x0000000008000a14                timer_get_flag
 .text.timer_clear_flag
                0x0000000008000a20        0x6 ../../libopencm3/lib/libopencm3_stm32f4.a(timer_common_all.o)
                0x0000000008000a20                timer_clear_flag
 .text.timer_enable_counter
                0x0000000008000a26        0xa ../../libopencm3/lib/libopencm3_stm32f4.a(timer_common_all.o)
                0x0000000008000a26                timer_enable_counter
 .text.timer_set_prescaler
                0x0000000008000a30        0x4 ../../libopencm3/lib/libopencm3_stm32f4.a(timer_common_all.o)
                0x0000000008000a30                timer_set_prescaler
 .text.timer_set_period
                0x0000000008000a34        0x4 ../../libopencm3/lib/libopencm3_stm32f4.a(timer_common_all.o)
                0x0000000008000a34                timer_set_period
 .text.blocking_handler
                0x0000000008000a38        0x2 ../../libopencm3/lib/libopencm3_stm32f4.a(vector.o)
                0x0000000008000a38                dma2_stream1_isr
                0x0000000008000a38                tim8_brk_tim12_isr
                0x0000000008000a38                dma1_stream7_isr
                0x0000000008000a38                usart3_isr
                0x0000000008000a38                tim7_isr
                0x0000000008000a38                dma2d_isr
                0x0000000008000a38                uart8_isr
                0x0000000008000a38                dma1_stream2_isr
                0x0000000008000a38                otg_hs_isr
                0x0000000008000a38                blocking_handler
                0x0000000008000a38                tim5_isr
                0x0000000008000a38                rtc_wkup_isr
                0x0000000008000a38                otg_fs_isr
                0x0000000008000a38                spi1_isr
                0x0000000008000a38                i2c3_er_isr
                0x0000000008000a38                exti2_isr
                0x0000000008000a38                spi5_isr
                0x0000000008000a38                usb_fs_wkup_isr
                0x0000000008000a38                tamp_stamp_isr
                0x0000000008000a38                can1_rx1_isr
                0x0000000008000a38                dma2_stream0_isr
                0x0000000008000a38                usart1_isr
                0x0000000008000a38                i2c3_ev_isr
                0x0000000008000a38                usage_fault_handler
                0x0000000008000a38                can2_rx0_isr
                0x0000000008000a38                dma1_stream6_isr
                0x0000000008000a38                can2_rx1_isr
                0x0000000008000a38                can1_sce_isr
                0x0000000008000a38                tim1_cc_isr
                0x0000000008000a38                can1_tx_isr
                0x0000000008000a38                tim1_up_tim10_isr
                0x0000000008000a38                sdio_isr
                0x0000000008000a38                eth_isr
                0x0000000008000a38                spi6_isr
                0x0000000008000a38                dma2_stream5_isr
                0x0000000008000a38                pvd_isr
                0x0000000008000a38                can1_rx0_isr
                0x0000000008000a38                rcc_isr
                0x0000000008000a38                dma2_stream3_isr
                0x0000000008000a38                flash_isr
                0x0000000008000a38                uart4_isr
                0x0000000008000a38                lcd_tft_isr
                0x0000000008000a38                rtc_alarm_isr
                0x0000000008000a38                exti15_10_isr
                0x0000000008000a38                hash_rng_isr
                0x0000000008000a38                tim1_trg_com_tim11_isr
                0x0000000008000a38                hard_fault_handler
                0x0000000008000a38                exti1_isr
                0x0000000008000a38                i2c1_ev_isr
                0x0000000008000a38                usart6_isr
                0x0000000008000a38                spi2_isr
                0x0000000008000a38                cryp_isr
                0x0000000008000a38                nvic_wwdg_isr
                0x0000000008000a38                dma1_stream1_isr
                0x0000000008000a38                dma2_stream4_isr
                0x0000000008000a38                exti3_isr
                0x0000000008000a38                tim3_isr
                0x0000000008000a38                usart2_isr
                0x0000000008000a38                sai1_isr
                0x0000000008000a38                fpu_isr
                0x0000000008000a38                dma1_stream4_isr
                0x0000000008000a38                i2c2_er_isr
                0x0000000008000a38                i2c2_ev_isr
                0x0000000008000a38                uart5_isr
                0x0000000008000a38                dma2_stream6_isr
                0x0000000008000a38                spi4_isr
                0x0000000008000a38                adc_isr
                0x0000000008000a38                dma2_stream7_isr
                0x0000000008000a38                tim8_up_tim13_isr
                0x0000000008000a38                fsmc_isr
                0x0000000008000a38                exti4_isr
                0x0000000008000a38                tim6_dac_isr
                0x0000000008000a38                dma1_stream3_isr
                0x0000000008000a38                tim8_trg_com_tim14_isr
                0x0000000008000a38                mem_manage_handler
                0x0000000008000a38                lcd_tft_err_isr
                0x0000000008000a38                can2_tx_isr
                0x0000000008000a38                exti9_5_isr
                0x0000000008000a38                tim1_brk_tim9_isr
                0x0000000008000a38                uart7_isr
                0x0000000008000a38                can2_sce_isr
                0x0000000008000a38                tim4_isr
                0x0000000008000a38                otg_hs_wkup_isr
                0x0000000008000a38                i2c1_er_isr
                0x0000000008000a38                dma1_stream0_isr
                0x0000000008000a38                tim8_cc_isr
                0x0000000008000a38                dcmi_isr
                0x0000000008000a38                dma2_stream2_isr
                0x0000000008000a38                eth_wkup_isr
                0x0000000008000a38                bus_fault_handler
                0x0000000008000a38                otg_hs_ep1_out_isr
                0x0000000008000a38                spi3_isr
                0x0000000008000a38                dma1_stream5_isr
                0x0000000008000a38                otg_hs_ep1_in_isr
                0x0000000008000a38                tim2_isr
                0x0000000008000a38                exti0_isr
 .text.null_handler
                0x0000000008000a3a        0x2 ../../libopencm3/lib/libopencm3_stm32f4.a(vector.o)
                0x0000000008000a3a                null_handler
                0x0000000008000a3a                sv_call_handler
                0x0000000008000a3a                pend_sv_handler
                0x0000000008000a3a                debug_monitor_handler
                0x0000000008000a3a                sys_tick_handler
                0x0000000008000a3a                nmi_handler
 .text.reset_handler
                0x0000000008000a3c       0x9c ../../libopencm3/lib/libopencm3_stm32f4.a(vector.o)
                0x0000000008000a3c                reset_handler
 .text.flash_set_ws
                0x0000000008000ad8       0x14 ../../libopencm3/lib/libopencm3_stm32f4.a(flash_common_all.o)
                0x0000000008000ad8                flash_set_ws
 .text.flash_dcache_enable
                0x0000000008000aec       0x10 ../../libopencm3/lib/libopencm3_stm32f4.a(flash_common_idcache.o)
                0x0000000008000aec                flash_dcache_enable
 .text.flash_dcache_disable
                0x0000000008000afc       0x10 ../../libopencm3/lib/libopencm3_stm32f4.a(flash_common_idcache.o)
                0x0000000008000afc                flash_dcache_disable
 .text.flash_icache_enable
                0x0000000008000b0c       0x10 ../../libopencm3/lib/libopencm3_stm32f4.a(flash_common_idcache.o)
                0x0000000008000b0c                flash_icache_enable
 .text.flash_icache_disable
                0x0000000008000b1c       0x10 ../../libopencm3/lib/libopencm3_stm32f4.a(flash_common_idcache.o)
                0x0000000008000b1c                flash_icache_disable
 .text.pwr_set_vos_scale
                0x0000000008000b2c       0x18 ../../libopencm3/lib/libopencm3_stm32f4.a(pwr.o)
                0x0000000008000b2c                pwr_set_vos_scale
 .text          0x0000000008000b44       0xb0 /usr/lib/gcc/arm-none-eabi/6.3.1/../../../arm-none-eabi/lib/thumb/v7e-m/fpv4-sp/hard/libm.a(lib_a-s_round.o)
                0x0000000008000b44                round
 .text          0x0000000008000bf4      0x370 /usr/lib/gcc/arm-none-eabi/6.3.1/thumb/v7e-m/fpv4-sp/hard/libgcc.a(_arm_addsubdf3.o)
                0x0000000008000bf4                __aeabi_drsub
                0x0000000008000bfc                __aeabi_dsub
                0x0000000008000bfc                __subdf3
                0x0000000008000c00                __adddf3
                0x0000000008000c00                __aeabi_dadd
                0x0000000008000e78                __aeabi_ui2d
                0x0000000008000e78                __floatunsidf
                0x0000000008000e98                __floatsidf
                0x0000000008000e98                __aeabi_i2d
                0x0000000008000ebc                __extendsfdf2
                0x0000000008000ebc                __aeabi_f2d
                0x0000000008000ef8                __aeabi_ul2d
                0x0000000008000ef8                __floatundidf
                0x0000000008000f08                __floatdidf
                0x0000000008000f08                __aeabi_l2d
 .text          0x0000000008000f64      0x424 /usr/lib/gcc/arm-none-eabi/6.3.1/thumb/v7e-m/fpv4-sp/hard/libgcc.a(_arm_muldivdf3.o)
                0x0000000008000f64                __aeabi_dmul
                0x0000000008000f64                __muldf3
                0x00000000080011b8                __aeabi_ddiv
                0x00000000080011b8                __divdf3
 .text          0x0000000008001388       0x40 /usr/lib/gcc/arm-none-eabi/6.3.1/thumb/v7e-m/fpv4-sp/hard/libgcc.a(_arm_fixunsdfsi.o)
                0x0000000008001388                __fixunsdfsi
                0x0000000008001388                __aeabi_d2uiz
                0x00000000080013c8                . = ALIGN (0x4)
 *(.rodata*)
 .rodata.rcc_hse_8mhz_3v3
                0x00000000080013c8       0x54 ../../libopencm3/lib/libopencm3_stm32f4.a(rcc.o)
                0x00000000080013c8                rcc_hse_8mhz_3v3
                0x000000000800141c                . = ALIGN (0x4)

.glue_7         0x000000000800141c        0x0
 .glue_7        0x000000000800141c        0x0 linker stubs

.glue_7t        0x000000000800141c        0x0
 .glue_7t       0x000000000800141c        0x0 linker stubs

.vfp11_veneer   0x000000000800141c        0x0
 .vfp11_veneer  0x000000000800141c        0x0 linker stubs

.v4_bx          0x000000000800141c        0x0
 .v4_bx         0x000000000800141c        0x0 linker stubs

.init           0x000000000800141c        0x4
 .init          0x000000000800141c        0x4 /usr/lib/gcc/arm-none-eabi/6.3.1/thumb/v7e-m/fpv4-sp/hard/crti.o
                0x000000000800141c                _init

.fini           0x0000000008001420        0x4
 .fini          0x0000000008001420        0x4 /usr/lib/gcc/arm-none-eabi/6.3.1/thumb/v7e-m/fpv4-sp/hard/crti.o
                0x0000000008001420                _fini

.iplt           0x0000000008001424        0x0
 .iplt          0x0000000008001424        0x0 /usr/lib/gcc/arm-none-eabi/6.3.1/thumb/v7e-m/fpv4-sp/hard/crtbegin.o

.eh_frame       0x0000000008001424        0x0
 .eh_frame      0x0000000008001424        0x0 /usr/lib/gcc/arm-none-eabi/6.3.1/thumb/v7e-m/fpv4-sp/hard/crtbegin.o

.rel.dyn        0x0000000008001424        0x0
 .rel.iplt      0x0000000008001424        0x0 /usr/lib/gcc/arm-none-eabi/6.3.1/thumb/v7e-m/fpv4-sp/hard/crtbegin.o

.preinit_array  0x0000000008001424        0x0
                0x0000000008001424                . = ALIGN (0x4)
                0x0000000008001424                __preinit_array_start = .
 *(.preinit_array)
                0x0000000008001424                __preinit_array_end = .

.init_array     0x0000000008001424        0x4
                0x0000000008001424                . = ALIGN (0x4)
                0x0000000008001424                __init_array_start = .
 *(SORT(.init_array.*))
 *(.init_array)
 .init_array    0x0000000008001424        0x4 /usr/lib/gcc/arm-none-eabi/6.3.1/thumb/v7e-m/fpv4-sp/hard/crtbegin.o
                0x0000000008001428                __init_array_end = .

.fini_array     0x0000000008001428        0x4
                0x0000000008001428                . = ALIGN (0x4)
                0x0000000008001428                __fini_array_start = .
 *(.fini_array)
 .fini_array    0x0000000008001428        0x4 /usr/lib/gcc/arm-none-eabi/6.3.1/thumb/v7e-m/fpv4-sp/hard/crtbegin.o
 *(SORT(.fini_array.*))
                0x000000000800142c                __fini_array_end = .

.ARM.extab
 *(.ARM.extab*)

.ARM.exidx      0x000000000800142c        0x0
                0x000000000800142c                __exidx_start = .
 *(.ARM.exidx*)
                0x000000000800142c                __exidx_end = .
                0x000000000800142c                . = ALIGN (0x4)
                0x000000000800142c                _etext = .

.data           0x0000000020000000       0x64 load address 0x000000000800142c
                0x0000000020000000                _data = .
 *(.data*)
 .data.N        0x0000000020000000        0x4 CMakeFiles/KURS.dir/src/main.c.o
                0x0000000020000000                N
 .data.clocks   0x0000000020000004        0x4 CMakeFiles/KURS.dir/src/main.c.o
                0x0000000020000004                clocks
 .data.b        0x0000000020000008       0x28 CMakeFiles/KURS.dir/src/main.c.o
                0x0000000020000008                b
 .data.a        0x0000000020000030       0x28 CMakeFiles/KURS.dir/src/main.c.o
                0x0000000020000030                a
 .data.rcc_ahb_frequency
                0x0000000020000058        0x4 ../../libopencm3/lib/libopencm3_stm32f4.a(rcc.o)
                0x0000000020000058                rcc_ahb_frequency
 .data.rcc_apb1_frequency
                0x000000002000005c        0x4 ../../libopencm3/lib/libopencm3_stm32f4.a(rcc.o)
                0x000000002000005c                rcc_apb1_frequency
 .data.rcc_apb2_frequency
                0x0000000020000060        0x4 ../../libopencm3/lib/libopencm3_stm32f4.a(rcc.o)
                0x0000000020000060                rcc_apb2_frequency
                0x0000000020000064                . = ALIGN (0x4)
                0x0000000020000064                _edata = .
                0x000000000800142c                _data_loadaddr = LOADADDR (.data)

.jcr            0x0000000020000064        0x0 load address 0x0000000008001490
 .jcr           0x0000000020000064        0x0 /usr/lib/gcc/arm-none-eabi/6.3.1/thumb/v7e-m/fpv4-sp/hard/crtbegin.o

.tm_clone_table
                0x0000000020000064        0x0 load address 0x0000000008001490
 .tm_clone_table
                0x0000000020000064        0x0 /usr/lib/gcc/arm-none-eabi/6.3.1/thumb/v7e-m/fpv4-sp/hard/crtbegin.o
 .tm_clone_table
                0x0000000020000064        0x0 /usr/lib/gcc/arm-none-eabi/6.3.1/thumb/v7e-m/fpv4-sp/hard/crtend.o

.igot.plt       0x0000000020000064        0x0 load address 0x0000000008001490
 .igot.plt      0x0000000020000064        0x0 /usr/lib/gcc/arm-none-eabi/6.3.1/thumb/v7e-m/fpv4-sp/hard/crtbegin.o

.bss            0x0000000020000068       0x40 load address 0x0000000008001490
 *(.bss*)
 .bss           0x0000000020000068       0x1c /usr/lib/gcc/arm-none-eabi/6.3.1/thumb/v7e-m/fpv4-sp/hard/crtbegin.o
 *fill*         0x0000000020000084        0x4 
 .bss.v         0x0000000020000088       0x20 CMakeFiles/KURS.dir/src/main.c.o
                0x0000000020000088                v
 *(COMMON)
                0x00000000200000a8                . = ALIGN (0x4)
                0x00000000200000a8                _ebss = .

.ccm            0x0000000010000000        0x0
 *(.ccmram*)
                0x0000000010000000                . = ALIGN (0x4)
                0x0000000010000000                . = ALIGN (0x4)
                0x0000000010000000                end = .
                0x0000000020020000                PROVIDE (_stack, (ORIGIN (ram) + LENGTH (ram)))
OUTPUT(KURS elf32-littlearm)

.ARM.attributes
                0x0000000000000000       0x30
 .ARM.attributes
                0x0000000000000000       0x22 /usr/lib/gcc/arm-none-eabi/6.3.1/thumb/v7e-m/fpv4-sp/hard/crti.o
 .ARM.attributes
                0x0000000000000022       0x34 /usr/lib/gcc/arm-none-eabi/6.3.1/thumb/v7e-m/fpv4-sp/hard/crtbegin.o
 .ARM.attributes
                0x0000000000000056       0x39 CMakeFiles/KURS.dir/src/main.c.o
 .ARM.attributes
                0x000000000000008f       0x39 ../../libopencm3/lib/libopencm3_stm32f4.a(adc_common_v1.o)
 .ARM.attributes
                0x00000000000000c8       0x39 ../../libopencm3/lib/libopencm3_stm32f4.a(adc_common_v1_multi.o)
 .ARM.attributes
                0x0000000000000101       0x39 ../../libopencm3/lib/libopencm3_stm32f4.a(adc_common_f47.o)
 .ARM.attributes
                0x000000000000013a       0x39 ../../libopencm3/lib/libopencm3_stm32f4.a(dac_common_all.o)
 .ARM.attributes
                0x0000000000000173       0x39 ../../libopencm3/lib/libopencm3_stm32f4.a(gpio_common_all.o)
 .ARM.attributes
                0x00000000000001ac       0x39 ../../libopencm3/lib/libopencm3_stm32f4.a(gpio_common_f0234.o)
 .ARM.attributes
                0x00000000000001e5       0x39 ../../libopencm3/lib/libopencm3_stm32f4.a(rcc_common_all.o)
 .ARM.attributes
                0x000000000000021e       0x39 ../../libopencm3/lib/libopencm3_stm32f4.a(rcc.o)
 .ARM.attributes
                0x0000000000000257       0x39 ../../libopencm3/lib/libopencm3_stm32f4.a(timer_common_all.o)
 .ARM.attributes
                0x0000000000000290       0x39 ../../libopencm3/lib/libopencm3_stm32f4.a(vector.o)
 .ARM.attributes
                0x00000000000002c9       0x39 ../../libopencm3/lib/libopencm3_stm32f4.a(flash_common_all.o)
 .ARM.attributes
                0x0000000000000302       0x39 ../../libopencm3/lib/libopencm3_stm32f4.a(flash_common_idcache.o)
 .ARM.attributes
                0x000000000000033b       0x39 ../../libopencm3/lib/libopencm3_stm32f4.a(pwr.o)
 .ARM.attributes
                0x0000000000000374       0x34 /usr/lib/gcc/arm-none-eabi/6.3.1/../../../arm-none-eabi/lib/thumb/v7e-m/fpv4-sp/hard/libm.a(lib_a-s_round.o)
 .ARM.attributes
                0x00000000000003a8       0x22 /usr/lib/gcc/arm-none-eabi/6.3.1/thumb/v7e-m/fpv4-sp/hard/libgcc.a(_arm_addsubdf3.o)
 .ARM.attributes
                0x00000000000003ca       0x22 /usr/lib/gcc/arm-none-eabi/6.3.1/thumb/v7e-m/fpv4-sp/hard/libgcc.a(_arm_muldivdf3.o)
 .ARM.attributes
                0x00000000000003ec       0x22 /usr/lib/gcc/arm-none-eabi/6.3.1/thumb/v7e-m/fpv4-sp/hard/libgcc.a(_arm_fixunsdfsi.o)
 .ARM.attributes
                0x000000000000040e       0x34 /usr/lib/gcc/arm-none-eabi/6.3.1/thumb/v7e-m/fpv4-sp/hard/crtend.o

.comment        0x0000000000000000       0x31
 .comment       0x0000000000000000       0x31 /usr/lib/gcc/arm-none-eabi/6.3.1/thumb/v7e-m/fpv4-sp/hard/crtbegin.o
                                         0x32 (size before relaxing)
 .comment       0x0000000000000031       0x32 CMakeFiles/KURS.dir/src/main.c.o
 .comment       0x0000000000000031       0x32 ../../libopencm3/lib/libopencm3_stm32f4.a(adc_common_v1.o)
 .comment       0x0000000000000031       0x32 ../../libopencm3/lib/libopencm3_stm32f4.a(adc_common_v1_multi.o)
 .comment       0x0000000000000031       0x32 ../../libopencm3/lib/libopencm3_stm32f4.a(adc_common_f47.o)
 .comment       0x0000000000000031       0x32 ../../libopencm3/lib/libopencm3_stm32f4.a(dac_common_all.o)
 .comment       0x0000000000000031       0x32 ../../libopencm3/lib/libopencm3_stm32f4.a(gpio_common_all.o)
 .comment       0x0000000000000031       0x32 ../../libopencm3/lib/libopencm3_stm32f4.a(gpio_common_f0234.o)
 .comment       0x0000000000000031       0x32 ../../libopencm3/lib/libopencm3_stm32f4.a(rcc_common_all.o)
 .comment       0x0000000000000031       0x32 ../../libopencm3/lib/libopencm3_stm32f4.a(rcc.o)
 .comment       0x0000000000000031       0x32 ../../libopencm3/lib/libopencm3_stm32f4.a(timer_common_all.o)
 .comment       0x0000000000000031       0x32 ../../libopencm3/lib/libopencm3_stm32f4.a(vector.o)
 .comment       0x0000000000000031       0x32 ../../libopencm3/lib/libopencm3_stm32f4.a(flash_common_all.o)
 .comment       0x0000000000000031       0x32 ../../libopencm3/lib/libopencm3_stm32f4.a(flash_common_idcache.o)
 .comment       0x0000000000000031       0x32 ../../libopencm3/lib/libopencm3_stm32f4.a(pwr.o)
 .comment       0x0000000000000031       0x32 /usr/lib/gcc/arm-none-eabi/6.3.1/../../../arm-none-eabi/lib/thumb/v7e-m/fpv4-sp/hard/libm.a(lib_a-s_round.o)
 .comment       0x0000000000000031       0x32 /usr/lib/gcc/arm-none-eabi/6.3.1/thumb/v7e-m/fpv4-sp/hard/crtend.o

.debug_info     0x0000000000000000     0x50e9
 .debug_info    0x0000000000000000      0x820 ../../libopencm3/lib/libopencm3_stm32f4.a(adc_common_v1.o)
 .debug_info    0x0000000000000820      0x378 ../../libopencm3/lib/libopencm3_stm32f4.a(adc_common_v1_multi.o)
 .debug_info    0x0000000000000b98      0x179 ../../libopencm3/lib/libopencm3_stm32f4.a(adc_common_f47.o)
 .debug_info    0x0000000000000d11      0x337 ../../libopencm3/lib/libopencm3_stm32f4.a(dac_common_all.o)
 .debug_info    0x0000000000001048      0x22c ../../libopencm3/lib/libopencm3_stm32f4.a(gpio_common_all.o)
 .debug_info    0x0000000000001274      0x1eb ../../libopencm3/lib/libopencm3_stm32f4.a(gpio_common_f0234.o)
 .debug_info    0x000000000000145f      0xa80 ../../libopencm3/lib/libopencm3_stm32f4.a(rcc_common_all.o)
 .debug_info    0x0000000000001edf      0xeca ../../libopencm3/lib/libopencm3_stm32f4.a(rcc.o)
 .debug_info    0x0000000000002da9     0x115b ../../libopencm3/lib/libopencm3_stm32f4.a(timer_common_all.o)
 .debug_info    0x0000000000003f04      0x2be ../../libopencm3/lib/libopencm3_stm32f4.a(vector.o)
 .debug_info    0x00000000000041c2       0xec ../../libopencm3/lib/libopencm3_stm32f4.a(flash_common_all.o)
 .debug_info    0x00000000000042ae       0xec ../../libopencm3/lib/libopencm3_stm32f4.a(flash_common_idcache.o)
 .debug_info    0x000000000000439a       0xd9 ../../libopencm3/lib/libopencm3_stm32f4.a(pwr.o)
 .debug_info    0x0000000000004473      0x9fa /usr/lib/gcc/arm-none-eabi/6.3.1/../../../arm-none-eabi/lib/thumb/v7e-m/fpv4-sp/hard/libm.a(lib_a-s_round.o)
 .debug_info    0x0000000000004e6d       0xd4 /usr/lib/gcc/arm-none-eabi/6.3.1/thumb/v7e-m/fpv4-sp/hard/libgcc.a(_arm_addsubdf3.o)
 .debug_info    0x0000000000004f41       0xd4 /usr/lib/gcc/arm-none-eabi/6.3.1/thumb/v7e-m/fpv4-sp/hard/libgcc.a(_arm_muldivdf3.o)
 .debug_info    0x0000000000005015       0xd4 /usr/lib/gcc/arm-none-eabi/6.3.1/thumb/v7e-m/fpv4-sp/hard/libgcc.a(_arm_fixunsdfsi.o)

.debug_abbrev   0x0000000000000000     0x108b
 .debug_abbrev  0x0000000000000000      0x142 ../../libopencm3/lib/libopencm3_stm32f4.a(adc_common_v1.o)
 .debug_abbrev  0x0000000000000142      0x14e ../../libopencm3/lib/libopencm3_stm32f4.a(adc_common_v1_multi.o)
 .debug_abbrev  0x0000000000000290       0xcf ../../libopencm3/lib/libopencm3_stm32f4.a(adc_common_f47.o)
 .debug_abbrev  0x000000000000035f       0xf6 ../../libopencm3/lib/libopencm3_stm32f4.a(dac_common_all.o)
 .debug_abbrev  0x0000000000000455       0xf4 ../../libopencm3/lib/libopencm3_stm32f4.a(gpio_common_all.o)
 .debug_abbrev  0x0000000000000549       0xb7 ../../libopencm3/lib/libopencm3_stm32f4.a(gpio_common_f0234.o)
 .debug_abbrev  0x0000000000000600      0x17f ../../libopencm3/lib/libopencm3_stm32f4.a(rcc_common_all.o)
 .debug_abbrev  0x000000000000077f      0x264 ../../libopencm3/lib/libopencm3_stm32f4.a(rcc.o)
 .debug_abbrev  0x00000000000009e3      0x1c7 ../../libopencm3/lib/libopencm3_stm32f4.a(timer_common_all.o)
 .debug_abbrev  0x0000000000000baa      0x136 ../../libopencm3/lib/libopencm3_stm32f4.a(vector.o)
 .debug_abbrev  0x0000000000000ce0       0x8a ../../libopencm3/lib/libopencm3_stm32f4.a(flash_common_all.o)
 .debug_abbrev  0x0000000000000d6a       0x52 ../../libopencm3/lib/libopencm3_stm32f4.a(flash_common_idcache.o)
 .debug_abbrev  0x0000000000000dbc       0x8a ../../libopencm3/lib/libopencm3_stm32f4.a(pwr.o)
 .debug_abbrev  0x0000000000000e46      0x209 /usr/lib/gcc/arm-none-eabi/6.3.1/../../../arm-none-eabi/lib/thumb/v7e-m/fpv4-sp/hard/libm.a(lib_a-s_round.o)
 .debug_abbrev  0x000000000000104f       0x14 /usr/lib/gcc/arm-none-eabi/6.3.1/thumb/v7e-m/fpv4-sp/hard/libgcc.a(_arm_addsubdf3.o)
 .debug_abbrev  0x0000000000001063       0x14 /usr/lib/gcc/arm-none-eabi/6.3.1/thumb/v7e-m/fpv4-sp/hard/libgcc.a(_arm_muldivdf3.o)
 .debug_abbrev  0x0000000000001077       0x14 /usr/lib/gcc/arm-none-eabi/6.3.1/thumb/v7e-m/fpv4-sp/hard/libgcc.a(_arm_fixunsdfsi.o)

.debug_loc      0x0000000000000000     0x1751
 .debug_loc     0x0000000000000000      0x3d2 ../../libopencm3/lib/libopencm3_stm32f4.a(adc_common_v1.o)
 .debug_loc     0x00000000000003d2      0x120 ../../libopencm3/lib/libopencm3_stm32f4.a(adc_common_v1_multi.o)
 .debug_loc     0x00000000000004f2       0xce ../../libopencm3/lib/libopencm3_stm32f4.a(adc_common_f47.o)
 .debug_loc     0x00000000000005c0       0xc7 ../../libopencm3/lib/libopencm3_stm32f4.a(dac_common_all.o)
 .debug_loc     0x0000000000000687       0x97 ../../libopencm3/lib/libopencm3_stm32f4.a(gpio_common_all.o)
 .debug_loc     0x000000000000071e       0xdd ../../libopencm3/lib/libopencm3_stm32f4.a(gpio_common_f0234.o)
 .debug_loc     0x00000000000007fb      0x108 ../../libopencm3/lib/libopencm3_stm32f4.a(rcc_common_all.o)
 .debug_loc     0x0000000000000903      0x660 ../../libopencm3/lib/libopencm3_stm32f4.a(rcc.o)
 .debug_loc     0x0000000000000f63      0x407 ../../libopencm3/lib/libopencm3_stm32f4.a(timer_common_all.o)
 .debug_loc     0x000000000000136a       0xea ../../libopencm3/lib/libopencm3_stm32f4.a(vector.o)
 .debug_loc     0x0000000000001454       0x3f ../../libopencm3/lib/libopencm3_stm32f4.a(flash_common_all.o)
 .debug_loc     0x0000000000001493       0x3f ../../libopencm3/lib/libopencm3_stm32f4.a(pwr.o)
 .debug_loc     0x00000000000014d2      0x27f /usr/lib/gcc/arm-none-eabi/6.3.1/../../../arm-none-eabi/lib/thumb/v7e-m/fpv4-sp/hard/libm.a(lib_a-s_round.o)

.debug_aranges  0x0000000000000000      0x850
 .debug_aranges
                0x0000000000000000      0x158 ../../libopencm3/lib/libopencm3_stm32f4.a(adc_common_v1.o)
 .debug_aranges
                0x0000000000000158       0xa8 ../../libopencm3/lib/libopencm3_stm32f4.a(adc_common_v1_multi.o)
 .debug_aranges
                0x0000000000000200       0x40 ../../libopencm3/lib/libopencm3_stm32f4.a(adc_common_f47.o)
 .debug_aranges
                0x0000000000000240       0x80 ../../libopencm3/lib/libopencm3_stm32f4.a(dac_common_all.o)
 .debug_aranges
                0x00000000000002c0       0x50 ../../libopencm3/lib/libopencm3_stm32f4.a(gpio_common_all.o)
 .debug_aranges
                0x0000000000000310       0x30 ../../libopencm3/lib/libopencm3_stm32f4.a(gpio_common_f0234.o)
 .debug_aranges
                0x0000000000000340       0x68 ../../libopencm3/lib/libopencm3_stm32f4.a(rcc_common_all.o)
 .debug_aranges
                0x00000000000003a8       0xf0 ../../libopencm3/lib/libopencm3_stm32f4.a(rcc.o)
 .debug_aranges
                0x0000000000000498      0x268 ../../libopencm3/lib/libopencm3_stm32f4.a(timer_common_all.o)
 .debug_aranges
                0x0000000000000700       0x30 ../../libopencm3/lib/libopencm3_stm32f4.a(vector.o)
 .debug_aranges
                0x0000000000000730       0x38 ../../libopencm3/lib/libopencm3_stm32f4.a(flash_common_all.o)
 .debug_aranges
                0x0000000000000768       0x48 ../../libopencm3/lib/libopencm3_stm32f4.a(flash_common_idcache.o)
 .debug_aranges
                0x00000000000007b0       0x20 ../../libopencm3/lib/libopencm3_stm32f4.a(pwr.o)
 .debug_aranges
                0x00000000000007d0       0x20 /usr/lib/gcc/arm-none-eabi/6.3.1/../../../arm-none-eabi/lib/thumb/v7e-m/fpv4-sp/hard/libm.a(lib_a-s_round.o)
 .debug_aranges
                0x00000000000007f0       0x20 /usr/lib/gcc/arm-none-eabi/6.3.1/thumb/v7e-m/fpv4-sp/hard/libgcc.a(_arm_addsubdf3.o)
 .debug_aranges
                0x0000000000000810       0x20 /usr/lib/gcc/arm-none-eabi/6.3.1/thumb/v7e-m/fpv4-sp/hard/libgcc.a(_arm_muldivdf3.o)
 .debug_aranges
                0x0000000000000830       0x20 /usr/lib/gcc/arm-none-eabi/6.3.1/thumb/v7e-m/fpv4-sp/hard/libgcc.a(_arm_fixunsdfsi.o)

.debug_ranges   0x0000000000000000      0x738
 .debug_ranges  0x0000000000000000      0x148 ../../libopencm3/lib/libopencm3_stm32f4.a(adc_common_v1.o)
 .debug_ranges  0x0000000000000148       0x98 ../../libopencm3/lib/libopencm3_stm32f4.a(adc_common_v1_multi.o)
 .debug_ranges  0x00000000000001e0       0x30 ../../libopencm3/lib/libopencm3_stm32f4.a(adc_common_f47.o)
 .debug_ranges  0x0000000000000210       0x70 ../../libopencm3/lib/libopencm3_stm32f4.a(dac_common_all.o)
 .debug_ranges  0x0000000000000280       0x40 ../../libopencm3/lib/libopencm3_stm32f4.a(gpio_common_all.o)
 .debug_ranges  0x00000000000002c0       0x20 ../../libopencm3/lib/libopencm3_stm32f4.a(gpio_common_f0234.o)
 .debug_ranges  0x00000000000002e0       0x58 ../../libopencm3/lib/libopencm3_stm32f4.a(rcc_common_all.o)
 .debug_ranges  0x0000000000000338       0xe0 ../../libopencm3/lib/libopencm3_stm32f4.a(rcc.o)
 .debug_ranges  0x0000000000000418      0x258 ../../libopencm3/lib/libopencm3_stm32f4.a(timer_common_all.o)
 .debug_ranges  0x0000000000000670       0x20 ../../libopencm3/lib/libopencm3_stm32f4.a(vector.o)
 .debug_ranges  0x0000000000000690       0x28 ../../libopencm3/lib/libopencm3_stm32f4.a(flash_common_all.o)
 .debug_ranges  0x00000000000006b8       0x38 ../../libopencm3/lib/libopencm3_stm32f4.a(flash_common_idcache.o)
 .debug_ranges  0x00000000000006f0       0x10 ../../libopencm3/lib/libopencm3_stm32f4.a(pwr.o)
 .debug_ranges  0x0000000000000700       0x38 /usr/lib/gcc/arm-none-eabi/6.3.1/../../../arm-none-eabi/lib/thumb/v7e-m/fpv4-sp/hard/libm.a(lib_a-s_round.o)

.debug_macro    0x0000000000000000     0x50f3
 .debug_macro   0x0000000000000000       0xc7 ../../libopencm3/lib/libopencm3_stm32f4.a(adc_common_v1.o)
 .debug_macro   0x00000000000000c7      0x8aa ../../libopencm3/lib/libopencm3_stm32f4.a(adc_common_v1.o)
 .debug_macro   0x0000000000000971       0x1c ../../libopencm3/lib/libopencm3_stm32f4.a(adc_common_v1.o)
 .debug_macro   0x000000000000098d       0x22 ../../libopencm3/lib/libopencm3_stm32f4.a(adc_common_v1.o)
 .debug_macro   0x00000000000009af       0x4f ../../libopencm3/lib/libopencm3_stm32f4.a(adc_common_v1.o)
 .debug_macro   0x00000000000009fe       0x44 ../../libopencm3/lib/libopencm3_stm32f4.a(adc_common_v1.o)
 .debug_macro   0x0000000000000a42       0xfd ../../libopencm3/lib/libopencm3_stm32f4.a(adc_common_v1.o)
 .debug_macro   0x0000000000000b3f       0x5e ../../libopencm3/lib/libopencm3_stm32f4.a(adc_common_v1.o)
 .debug_macro   0x0000000000000b9d      0x1df ../../libopencm3/lib/libopencm3_stm32f4.a(adc_common_v1.o)
 .debug_macro   0x0000000000000d7c       0x22 ../../libopencm3/lib/libopencm3_stm32f4.a(adc_common_v1.o)
 .debug_macro   0x0000000000000d9e       0xe8 ../../libopencm3/lib/libopencm3_stm32f4.a(adc_common_v1.o)
 .debug_macro   0x0000000000000e86       0x76 ../../libopencm3/lib/libopencm3_stm32f4.a(adc_common_v1.o)
 .debug_macro   0x0000000000000efc      0x273 ../../libopencm3/lib/libopencm3_stm32f4.a(adc_common_v1.o)
 .debug_macro   0x000000000000116f      0x449 ../../libopencm3/lib/libopencm3_stm32f4.a(adc_common_v1.o)
 .debug_macro   0x00000000000015b8      0x2d5 ../../libopencm3/lib/libopencm3_stm32f4.a(adc_common_v1.o)
 .debug_macro   0x000000000000188d      0x1be ../../libopencm3/lib/libopencm3_stm32f4.a(adc_common_v1.o)
 .debug_macro   0x0000000000001a4b       0xc7 ../../libopencm3/lib/libopencm3_stm32f4.a(adc_common_v1_multi.o)
 .debug_macro   0x0000000000001b12       0xc7 ../../libopencm3/lib/libopencm3_stm32f4.a(adc_common_f47.o)
 .debug_macro   0x0000000000001bd9       0xbf ../../libopencm3/lib/libopencm3_stm32f4.a(dac_common_all.o)
 .debug_macro   0x0000000000001c98      0x2fc ../../libopencm3/lib/libopencm3_stm32f4.a(dac_common_all.o)
 .debug_macro   0x0000000000001f94       0xd1 ../../libopencm3/lib/libopencm3_stm32f4.a(gpio_common_all.o)
 .debug_macro   0x0000000000002065       0x76 ../../libopencm3/lib/libopencm3_stm32f4.a(gpio_common_all.o)
 .debug_macro   0x00000000000020db      0x2e6 ../../libopencm3/lib/libopencm3_stm32f4.a(gpio_common_all.o)
 .debug_macro   0x00000000000023c1      0x14e ../../libopencm3/lib/libopencm3_stm32f4.a(gpio_common_all.o)
 .debug_macro   0x000000000000250f       0xd1 ../../libopencm3/lib/libopencm3_stm32f4.a(gpio_common_f0234.o)
 .debug_macro   0x00000000000025e0       0xf0 ../../libopencm3/lib/libopencm3_stm32f4.a(rcc_common_all.o)
 .debug_macro   0x00000000000026d0       0x8e ../../libopencm3/lib/libopencm3_stm32f4.a(rcc_common_all.o)
 .debug_macro   0x000000000000275e       0x28 ../../libopencm3/lib/libopencm3_stm32f4.a(rcc_common_all.o)
 .debug_macro   0x0000000000002786      0xc89 ../../libopencm3/lib/libopencm3_stm32f4.a(rcc_common_all.o)
 .debug_macro   0x000000000000340f      0x124 ../../libopencm3/lib/libopencm3_stm32f4.a(rcc.o)
 .debug_macro   0x0000000000003533       0x16 ../../libopencm3/lib/libopencm3_stm32f4.a(rcc.o)
 .debug_macro   0x0000000000003549       0x1c ../../libopencm3/lib/libopencm3_stm32f4.a(rcc.o)
 .debug_macro   0x0000000000003565      0x140 ../../libopencm3/lib/libopencm3_stm32f4.a(rcc.o)
 .debug_macro   0x00000000000036a5       0x10 ../../libopencm3/lib/libopencm3_stm32f4.a(rcc.o)
 .debug_macro   0x00000000000036b5       0xfc ../../libopencm3/lib/libopencm3_stm32f4.a(timer_common_all.o)
 .debug_macro   0x00000000000037b1      0xf88 ../../libopencm3/lib/libopencm3_stm32f4.a(timer_common_all.o)
 .debug_macro   0x0000000000004739       0x52 ../../libopencm3/lib/libopencm3_stm32f4.a(timer_common_all.o)
 .debug_macro   0x000000000000478b       0xd3 ../../libopencm3/lib/libopencm3_stm32f4.a(vector.o)
 .debug_macro   0x000000000000485e      0x395 ../../libopencm3/lib/libopencm3_stm32f4.a(vector.o)
 .debug_macro   0x0000000000004bf3       0x6e ../../libopencm3/lib/libopencm3_stm32f4.a(vector.o)
 .debug_macro   0x0000000000004c61      0x22c ../../libopencm3/lib/libopencm3_stm32f4.a(vector.o)
 .debug_macro   0x0000000000004e8d       0xd7 ../../libopencm3/lib/libopencm3_stm32f4.a(flash_common_all.o)
 .debug_macro   0x0000000000004f64       0xd7 ../../libopencm3/lib/libopencm3_stm32f4.a(flash_common_idcache.o)
 .debug_macro   0x000000000000503b       0xb8 ../../libopencm3/lib/libopencm3_stm32f4.a(pwr.o)

.debug_line     0x0000000000000000     0x3457
 .debug_line    0x0000000000000000      0x523 ../../libopencm3/lib/libopencm3_stm32f4.a(adc_common_v1.o)
 .debug_line    0x0000000000000523      0x36e ../../libopencm3/lib/libopencm3_stm32f4.a(adc_common_v1_multi.o)
 .debug_line    0x0000000000000891      0x2b3 ../../libopencm3/lib/libopencm3_stm32f4.a(adc_common_f47.o)
 .debug_line    0x0000000000000b44      0x32e ../../libopencm3/lib/libopencm3_stm32f4.a(dac_common_all.o)
 .debug_line    0x0000000000000e72      0x2c0 ../../libopencm3/lib/libopencm3_stm32f4.a(gpio_common_all.o)
 .debug_line    0x0000000000001132      0x2b2 ../../libopencm3/lib/libopencm3_stm32f4.a(gpio_common_f0234.o)
 .debug_line    0x00000000000013e4      0x2e5 ../../libopencm3/lib/libopencm3_stm32f4.a(rcc_common_all.o)
 .debug_line    0x00000000000016c9      0x553 ../../libopencm3/lib/libopencm3_stm32f4.a(rcc.o)
 .debug_line    0x0000000000001c1c      0x858 ../../libopencm3/lib/libopencm3_stm32f4.a(timer_common_all.o)
 .debug_line    0x0000000000002474      0x2ca ../../libopencm3/lib/libopencm3_stm32f4.a(vector.o)
 .debug_line    0x000000000000273e      0x2a1 ../../libopencm3/lib/libopencm3_stm32f4.a(flash_common_all.o)
 .debug_line    0x00000000000029df      0x2c1 ../../libopencm3/lib/libopencm3_stm32f4.a(flash_common_idcache.o)
 .debug_line    0x0000000000002ca0      0x20f ../../libopencm3/lib/libopencm3_stm32f4.a(pwr.o)
 .debug_line    0x0000000000002eaf      0x1fe /usr/lib/gcc/arm-none-eabi/6.3.1/../../../arm-none-eabi/lib/thumb/v7e-m/fpv4-sp/hard/libm.a(lib_a-s_round.o)
 .debug_line    0x00000000000030ad      0x189 /usr/lib/gcc/arm-none-eabi/6.3.1/thumb/v7e-m/fpv4-sp/hard/libgcc.a(_arm_addsubdf3.o)
 .debug_line    0x0000000000003236      0x1a5 /usr/lib/gcc/arm-none-eabi/6.3.1/thumb/v7e-m/fpv4-sp/hard/libgcc.a(_arm_muldivdf3.o)
 .debug_line    0x00000000000033db       0x7c /usr/lib/gcc/arm-none-eabi/6.3.1/thumb/v7e-m/fpv4-sp/hard/libgcc.a(_arm_fixunsdfsi.o)

.debug_str      0x0000000000000000    0x16cac
 .debug_str     0x0000000000000000     0x7464 ../../libopencm3/lib/libopencm3_stm32f4.a(adc_common_v1.o)
                                       0x75fd (size before relaxing)
 .debug_str     0x0000000000007464      0x1c1 ../../libopencm3/lib/libopencm3_stm32f4.a(adc_common_v1_multi.o)
                                       0x72e7 (size before relaxing)
 .debug_str     0x0000000000007625       0x95 ../../libopencm3/lib/libopencm3_stm32f4.a(adc_common_f47.o)
                                       0x718e (size before relaxing)
 .debug_str     0x00000000000076ba     0x1285 ../../libopencm3/lib/libopencm3_stm32f4.a(dac_common_all.o)
                                       0x5b9f (size before relaxing)
 .debug_str     0x000000000000893f     0x141f ../../libopencm3/lib/libopencm3_stm32f4.a(gpio_common_all.o)
                                       0x5d49 (size before relaxing)
 .debug_str     0x0000000000009d5e       0x95 ../../libopencm3/lib/libopencm3_stm32f4.a(gpio_common_f0234.o)
                                       0x5d6b (size before relaxing)
 .debug_str     0x0000000000009df3     0x46ad ../../libopencm3/lib/libopencm3_stm32f4.a(rcc_common_all.o)
                                       0x9039 (size before relaxing)
 .debug_str     0x000000000000e4a0      0xae1 ../../libopencm3/lib/libopencm3_stm32f4.a(rcc.o)
                                       0x9713 (size before relaxing)
 .debug_str     0x000000000000ef81     0x4cec ../../libopencm3/lib/libopencm3_stm32f4.a(timer_common_all.o)
                                       0xd310 (size before relaxing)
 .debug_str     0x0000000000013c6d     0x29dd ../../libopencm3/lib/libopencm3_stm32f4.a(vector.o)
                                       0x6325 (size before relaxing)
 .debug_str     0x000000000001664a       0x64 ../../libopencm3/lib/libopencm3_stm32f4.a(flash_common_all.o)
                                       0x50a0 (size before relaxing)
 .debug_str     0x00000000000166ae       0x47 ../../libopencm3/lib/libopencm3_stm32f4.a(flash_common_idcache.o)
                                       0x50c2 (size before relaxing)
 .debug_str     0x00000000000166f5        0x6 ../../libopencm3/lib/libopencm3_stm32f4.a(pwr.o)
                                       0x4c9e (size before relaxing)
 .debug_str     0x00000000000166fb      0x5b1 /usr/lib/gcc/arm-none-eabi/6.3.1/../../../arm-none-eabi/lib/thumb/v7e-m/fpv4-sp/hard/libm.a(lib_a-s_round.o)
                                        0x695 (size before relaxing)

.debug_frame    0x0000000000000000     0x104c
 .debug_frame   0x0000000000000000      0x2b4 ../../libopencm3/lib/libopencm3_stm32f4.a(adc_common_v1.o)
 .debug_frame   0x00000000000002b4      0x130 ../../libopencm3/lib/libopencm3_stm32f4.a(adc_common_v1_multi.o)
 .debug_frame   0x00000000000003e4       0x70 ../../libopencm3/lib/libopencm3_stm32f4.a(adc_common_f47.o)
 .debug_frame   0x0000000000000454      0x100 ../../libopencm3/lib/libopencm3_stm32f4.a(dac_common_all.o)
 .debug_frame   0x0000000000000554       0x80 ../../libopencm3/lib/libopencm3_stm32f4.a(gpio_common_all.o)
 .debug_frame   0x00000000000005d4       0x70 ../../libopencm3/lib/libopencm3_stm32f4.a(gpio_common_f0234.o)
 .debug_frame   0x0000000000000644       0xd0 ../../libopencm3/lib/libopencm3_stm32f4.a(rcc_common_all.o)
 .debug_frame   0x0000000000000714      0x1ec ../../libopencm3/lib/libopencm3_stm32f4.a(rcc.o)
 .debug_frame   0x0000000000000900      0x4d0 ../../libopencm3/lib/libopencm3_stm32f4.a(timer_common_all.o)
 .debug_frame   0x0000000000000dd0       0x4c ../../libopencm3/lib/libopencm3_stm32f4.a(vector.o)
 .debug_frame   0x0000000000000e1c       0x50 ../../libopencm3/lib/libopencm3_stm32f4.a(flash_common_all.o)
 .debug_frame   0x0000000000000e6c       0x70 ../../libopencm3/lib/libopencm3_stm32f4.a(flash_common_idcache.o)
 .debug_frame   0x0000000000000edc       0x20 ../../libopencm3/lib/libopencm3_stm32f4.a(pwr.o)
 .debug_frame   0x0000000000000efc       0x30 /usr/lib/gcc/arm-none-eabi/6.3.1/../../../arm-none-eabi/lib/thumb/v7e-m/fpv4-sp/hard/libm.a(lib_a-s_round.o)
 .debug_frame   0x0000000000000f2c       0xac /usr/lib/gcc/arm-none-eabi/6.3.1/thumb/v7e-m/fpv4-sp/hard/libgcc.a(_arm_addsubdf3.o)
 .debug_frame   0x0000000000000fd8       0x50 /usr/lib/gcc/arm-none-eabi/6.3.1/thumb/v7e-m/fpv4-sp/hard/libgcc.a(_arm_muldivdf3.o)
 .debug_frame   0x0000000000001028       0x24 /usr/lib/gcc/arm-none-eabi/6.3.1/thumb/v7e-m/fpv4-sp/hard/libgcc.a(_arm_fixunsdfsi.o)

Cross Reference Table

Symbol                                            File
IIRFilter                                         CMakeFiles/KURS.dir/src/main.c.o
N                                                 CMakeFiles/KURS.dir/src/main.c.o
_ITM_deregisterTMCloneTable                       /usr/lib/gcc/arm-none-eabi/6.3.1/thumb/v7e-m/fpv4-sp/hard/crtbegin.o
_ITM_registerTMCloneTable                         /usr/lib/gcc/arm-none-eabi/6.3.1/thumb/v7e-m/fpv4-sp/hard/crtbegin.o
_Jv_RegisterClasses                               /usr/lib/gcc/arm-none-eabi/6.3.1/thumb/v7e-m/fpv4-sp/hard/crtbegin.o
__TMC_END__                                       /usr/lib/gcc/arm-none-eabi/6.3.1/thumb/v7e-m/fpv4-sp/hard/crtend.o
                                                  /usr/lib/gcc/arm-none-eabi/6.3.1/thumb/v7e-m/fpv4-sp/hard/crtbegin.o
__adddf3                                          /usr/lib/gcc/arm-none-eabi/6.3.1/thumb/v7e-m/fpv4-sp/hard/libgcc.a(_arm_addsubdf3.o)
__aeabi_d2uiz                                     /usr/lib/gcc/arm-none-eabi/6.3.1/thumb/v7e-m/fpv4-sp/hard/libgcc.a(_arm_fixunsdfsi.o)
                                                  CMakeFiles/KURS.dir/src/main.c.o
__aeabi_dadd                                      /usr/lib/gcc/arm-none-eabi/6.3.1/thumb/v7e-m/fpv4-sp/hard/libgcc.a(_arm_addsubdf3.o)
                                                  /usr/lib/gcc/arm-none-eabi/6.3.1/../../../arm-none-eabi/lib/thumb/v7e-m/fpv4-sp/hard/libm.a(lib_a-s_round.o)
                                                  CMakeFiles/KURS.dir/src/main.c.o
__aeabi_ddiv                                      /usr/lib/gcc/arm-none-eabi/6.3.1/thumb/v7e-m/fpv4-sp/hard/libgcc.a(_arm_muldivdf3.o)
__aeabi_dmul                                      /usr/lib/gcc/arm-none-eabi/6.3.1/thumb/v7e-m/fpv4-sp/hard/libgcc.a(_arm_muldivdf3.o)
                                                  CMakeFiles/KURS.dir/src/main.c.o
__aeabi_drsub                                     /usr/lib/gcc/arm-none-eabi/6.3.1/thumb/v7e-m/fpv4-sp/hard/libgcc.a(_arm_addsubdf3.o)
__aeabi_dsub                                      /usr/lib/gcc/arm-none-eabi/6.3.1/thumb/v7e-m/fpv4-sp/hard/libgcc.a(_arm_addsubdf3.o)
                                                  CMakeFiles/KURS.dir/src/main.c.o
__aeabi_f2d                                       /usr/lib/gcc/arm-none-eabi/6.3.1/thumb/v7e-m/fpv4-sp/hard/libgcc.a(_arm_addsubdf3.o)
__aeabi_i2d                                       /usr/lib/gcc/arm-none-eabi/6.3.1/thumb/v7e-m/fpv4-sp/hard/libgcc.a(_arm_addsubdf3.o)
__aeabi_l2d                                       /usr/lib/gcc/arm-none-eabi/6.3.1/thumb/v7e-m/fpv4-sp/hard/libgcc.a(_arm_addsubdf3.o)
__aeabi_ui2d                                      /usr/lib/gcc/arm-none-eabi/6.3.1/thumb/v7e-m/fpv4-sp/hard/libgcc.a(_arm_addsubdf3.o)
                                                  CMakeFiles/KURS.dir/src/main.c.o
__aeabi_ul2d                                      /usr/lib/gcc/arm-none-eabi/6.3.1/thumb/v7e-m/fpv4-sp/hard/libgcc.a(_arm_addsubdf3.o)
__atexit_dummy                                    /usr/lib/gcc/arm-none-eabi/6.3.1/../../../arm-none-eabi/lib/thumb/v7e-m/fpv4-sp/hard/libc_nano.a(lib_a-__atexit.o)
__bss_end__                                       /usr/lib/gcc/arm-none-eabi/6.3.1/../../../arm-none-eabi/lib/thumb/v7e-m/fpv4-sp/hard/crt0.o
__bss_start__                                     /usr/lib/gcc/arm-none-eabi/6.3.1/../../../arm-none-eabi/lib/thumb/v7e-m/fpv4-sp/hard/crt0.o
__call_exitprocs                                  /usr/lib/gcc/arm-none-eabi/6.3.1/../../../arm-none-eabi/lib/thumb/v7e-m/fpv4-sp/hard/libc_nano.a(lib_a-__call_atexit.o)
                                                  /usr/lib/gcc/arm-none-eabi/6.3.1/../../../arm-none-eabi/lib/thumb/v7e-m/fpv4-sp/hard/libc_nano.a(lib_a-__atexit.o)
                                                  /usr/lib/gcc/arm-none-eabi/6.3.1/../../../arm-none-eabi/lib/thumb/v7e-m/fpv4-sp/hard/libc_nano.a(lib_a-exit.o)
__deregister_frame_info                           /usr/lib/gcc/arm-none-eabi/6.3.1/thumb/v7e-m/fpv4-sp/hard/crtbegin.o
__divdf3                                          /usr/lib/gcc/arm-none-eabi/6.3.1/thumb/v7e-m/fpv4-sp/hard/libgcc.a(_arm_muldivdf3.o)
__dso_handle                                      /usr/lib/gcc/arm-none-eabi/6.3.1/thumb/v7e-m/fpv4-sp/hard/crtbegin.o
__extendsfdf2                                     /usr/lib/gcc/arm-none-eabi/6.3.1/thumb/v7e-m/fpv4-sp/hard/libgcc.a(_arm_addsubdf3.o)
__fini_array_end                                  ../../libopencm3/lib/libopencm3_stm32f4.a(vector.o)
                                                  /usr/lib/gcc/arm-none-eabi/6.3.1/../../../arm-none-eabi/lib/thumb/v7e-m/fpv4-sp/hard/libc_nano.a(lib_a-fini.o)
__fini_array_start                                ../../libopencm3/lib/libopencm3_stm32f4.a(vector.o)
                                                  /usr/lib/gcc/arm-none-eabi/6.3.1/../../../arm-none-eabi/lib/thumb/v7e-m/fpv4-sp/hard/libc_nano.a(lib_a-fini.o)
__fixunsdfsi                                      /usr/lib/gcc/arm-none-eabi/6.3.1/thumb/v7e-m/fpv4-sp/hard/libgcc.a(_arm_fixunsdfsi.o)
__floatdidf                                       /usr/lib/gcc/arm-none-eabi/6.3.1/thumb/v7e-m/fpv4-sp/hard/libgcc.a(_arm_addsubdf3.o)
__floatsidf                                       /usr/lib/gcc/arm-none-eabi/6.3.1/thumb/v7e-m/fpv4-sp/hard/libgcc.a(_arm_addsubdf3.o)
__floatundidf                                     /usr/lib/gcc/arm-none-eabi/6.3.1/thumb/v7e-m/fpv4-sp/hard/libgcc.a(_arm_addsubdf3.o)
__floatunsidf                                     /usr/lib/gcc/arm-none-eabi/6.3.1/thumb/v7e-m/fpv4-sp/hard/libgcc.a(_arm_addsubdf3.o)
__init_array_end                                  ../../libopencm3/lib/libopencm3_stm32f4.a(vector.o)
                                                  /usr/lib/gcc/arm-none-eabi/6.3.1/../../../arm-none-eabi/lib/thumb/v7e-m/fpv4-sp/hard/libc_nano.a(lib_a-init.o)
__init_array_start                                ../../libopencm3/lib/libopencm3_stm32f4.a(vector.o)
                                                  /usr/lib/gcc/arm-none-eabi/6.3.1/../../../arm-none-eabi/lib/thumb/v7e-m/fpv4-sp/hard/libc_nano.a(lib_a-init.o)
__libc_fini_array                                 /usr/lib/gcc/arm-none-eabi/6.3.1/../../../arm-none-eabi/lib/thumb/v7e-m/fpv4-sp/hard/libc_nano.a(lib_a-fini.o)
                                                  /usr/lib/gcc/arm-none-eabi/6.3.1/../../../arm-none-eabi/lib/thumb/v7e-m/fpv4-sp/hard/crt0.o
__libc_init_array                                 /usr/lib/gcc/arm-none-eabi/6.3.1/../../../arm-none-eabi/lib/thumb/v7e-m/fpv4-sp/hard/libc_nano.a(lib_a-init.o)
                                                  /usr/lib/gcc/arm-none-eabi/6.3.1/../../../arm-none-eabi/lib/thumb/v7e-m/fpv4-sp/hard/crt0.o
__muldf3                                          /usr/lib/gcc/arm-none-eabi/6.3.1/thumb/v7e-m/fpv4-sp/hard/libgcc.a(_arm_muldivdf3.o)
__on_exit_args                                    /usr/lib/gcc/arm-none-eabi/6.3.1/../../../arm-none-eabi/lib/thumb/v7e-m/fpv4-sp/hard/libc_nano.a(lib_a-__atexit.o)
__preinit_array_end                               ../../libopencm3/lib/libopencm3_stm32f4.a(vector.o)
                                                  /usr/lib/gcc/arm-none-eabi/6.3.1/../../../arm-none-eabi/lib/thumb/v7e-m/fpv4-sp/hard/libc_nano.a(lib_a-init.o)
__preinit_array_start                             ../../libopencm3/lib/libopencm3_stm32f4.a(vector.o)
                                                  /usr/lib/gcc/arm-none-eabi/6.3.1/../../../arm-none-eabi/lib/thumb/v7e-m/fpv4-sp/hard/libc_nano.a(lib_a-init.o)
__register_exitproc                               /usr/lib/gcc/arm-none-eabi/6.3.1/../../../arm-none-eabi/lib/thumb/v7e-m/fpv4-sp/hard/libc_nano.a(lib_a-__atexit.o)
                                                  /usr/lib/gcc/arm-none-eabi/6.3.1/../../../arm-none-eabi/lib/thumb/v7e-m/fpv4-sp/hard/libc_nano.a(lib_a-atexit.o)
__register_frame_info                             /usr/lib/gcc/arm-none-eabi/6.3.1/thumb/v7e-m/fpv4-sp/hard/crtbegin.o
__sf_fake_stderr                                  /usr/lib/gcc/arm-none-eabi/6.3.1/../../../arm-none-eabi/lib/thumb/v7e-m/fpv4-sp/hard/libc_nano.a(lib_a-impure.o)
__sf_fake_stdin                                   /usr/lib/gcc/arm-none-eabi/6.3.1/../../../arm-none-eabi/lib/thumb/v7e-m/fpv4-sp/hard/libc_nano.a(lib_a-impure.o)
__sf_fake_stdout                                  /usr/lib/gcc/arm-none-eabi/6.3.1/../../../arm-none-eabi/lib/thumb/v7e-m/fpv4-sp/hard/libc_nano.a(lib_a-impure.o)
__stack                                           /usr/lib/gcc/arm-none-eabi/6.3.1/../../../arm-none-eabi/lib/thumb/v7e-m/fpv4-sp/hard/crt0.o
__subdf3                                          /usr/lib/gcc/arm-none-eabi/6.3.1/thumb/v7e-m/fpv4-sp/hard/libgcc.a(_arm_addsubdf3.o)
_data                                             ../../libopencm3/lib/libopencm3_stm32f4.a(vector.o)
_data_loadaddr                                    ../../libopencm3/lib/libopencm3_stm32f4.a(vector.o)
_ebss                                             ../../libopencm3/lib/libopencm3_stm32f4.a(vector.o)
_edata                                            ../../libopencm3/lib/libopencm3_stm32f4.a(vector.o)
_exit                                             /usr/lib/gcc/arm-none-eabi/6.3.1/../../../arm-none-eabi/lib/thumb/v7e-m/fpv4-sp/hard/libnosys.a(_exit.o)
                                                  /usr/lib/gcc/arm-none-eabi/6.3.1/../../../arm-none-eabi/lib/thumb/v7e-m/fpv4-sp/hard/libc_nano.a(lib_a-exit.o)
_fini                                             /usr/lib/gcc/arm-none-eabi/6.3.1/thumb/v7e-m/fpv4-sp/hard/crti.o
                                                  /usr/lib/gcc/arm-none-eabi/6.3.1/../../../arm-none-eabi/lib/thumb/v7e-m/fpv4-sp/hard/libc_nano.a(lib_a-fini.o)
_global_atexit                                    /usr/lib/gcc/arm-none-eabi/6.3.1/../../../arm-none-eabi/lib/thumb/v7e-m/fpv4-sp/hard/libc_nano.a(lib_a-__call_atexit.o)
                                                  /usr/lib/gcc/arm-none-eabi/6.3.1/../../../arm-none-eabi/lib/thumb/v7e-m/fpv4-sp/hard/libc_nano.a(lib_a-__atexit.o)
_global_impure_ptr                                /usr/lib/gcc/arm-none-eabi/6.3.1/../../../arm-none-eabi/lib/thumb/v7e-m/fpv4-sp/hard/libc_nano.a(lib_a-impure.o)
                                                  /usr/lib/gcc/arm-none-eabi/6.3.1/../../../arm-none-eabi/lib/thumb/v7e-m/fpv4-sp/hard/libc_nano.a(lib_a-exit.o)
_impure_ptr                                       /usr/lib/gcc/arm-none-eabi/6.3.1/../../../arm-none-eabi/lib/thumb/v7e-m/fpv4-sp/hard/libc_nano.a(lib_a-impure.o)
_init                                             /usr/lib/gcc/arm-none-eabi/6.3.1/thumb/v7e-m/fpv4-sp/hard/crti.o
                                                  /usr/lib/gcc/arm-none-eabi/6.3.1/../../../arm-none-eabi/lib/thumb/v7e-m/fpv4-sp/hard/libc_nano.a(lib_a-init.o)
_mainCRTStartup                                   /usr/lib/gcc/arm-none-eabi/6.3.1/../../../arm-none-eabi/lib/thumb/v7e-m/fpv4-sp/hard/crt0.o
_stack                                            ../../libopencm3/lib/libopencm3_stm32f4.a(vector.o)
_start                                            /usr/lib/gcc/arm-none-eabi/6.3.1/../../../arm-none-eabi/lib/thumb/v7e-m/fpv4-sp/hard/crt0.o
a                                                 CMakeFiles/KURS.dir/src/main.c.o
adc                                               CMakeFiles/KURS.dir/src/main.c.o
adc_awd                                           ../../libopencm3/lib/libopencm3_stm32f4.a(adc_common_v1_multi.o)
adc_clear_flag                                    ../../libopencm3/lib/libopencm3_stm32f4.a(adc_common_v1.o)
adc_clear_overrun_flag                            ../../libopencm3/lib/libopencm3_stm32f4.a(adc_common_v1_multi.o)
adc_disable_analog_watchdog_injected              ../../libopencm3/lib/libopencm3_stm32f4.a(adc_common_v1.o)
adc_disable_analog_watchdog_regular               ../../libopencm3/lib/libopencm3_stm32f4.a(adc_common_v1.o)
adc_disable_automatic_injected_group_conversion   ../../libopencm3/lib/libopencm3_stm32f4.a(adc_common_v1.o)
adc_disable_awd_interrupt                         ../../libopencm3/lib/libopencm3_stm32f4.a(adc_common_v1.o)
adc_disable_discontinuous_mode_injected           ../../libopencm3/lib/libopencm3_stm32f4.a(adc_common_v1.o)
adc_disable_discontinuous_mode_regular            ../../libopencm3/lib/libopencm3_stm32f4.a(adc_common_v1.o)
adc_disable_dma                                   ../../libopencm3/lib/libopencm3_stm32f4.a(adc_common_v1.o)
adc_disable_eoc_interrupt                         ../../libopencm3/lib/libopencm3_stm32f4.a(adc_common_v1.o)
adc_disable_eoc_interrupt_injected                ../../libopencm3/lib/libopencm3_stm32f4.a(adc_common_v1.o)
adc_disable_external_trigger_injected             ../../libopencm3/lib/libopencm3_stm32f4.a(adc_common_v1_multi.o)
                                                  ../../libopencm3/lib/libopencm3_stm32f4.a(adc_common_v1.o)
adc_disable_external_trigger_regular              ../../libopencm3/lib/libopencm3_stm32f4.a(adc_common_v1_multi.o)
adc_disable_overrun_interrupt                     ../../libopencm3/lib/libopencm3_stm32f4.a(adc_common_v1_multi.o)
adc_disable_scan_mode                             ../../libopencm3/lib/libopencm3_stm32f4.a(adc_common_v1.o)
                                                  CMakeFiles/KURS.dir/src/main.c.o
adc_disable_temperature_sensor                    ../../libopencm3/lib/libopencm3_stm32f4.a(adc_common_v1_multi.o)
adc_disable_vbat_sensor                           ../../libopencm3/lib/libopencm3_stm32f4.a(adc_common_f47.o)
adc_enable_analog_watchdog_injected               ../../libopencm3/lib/libopencm3_stm32f4.a(adc_common_v1.o)
adc_enable_analog_watchdog_on_all_channels        ../../libopencm3/lib/libopencm3_stm32f4.a(adc_common_v1.o)
adc_enable_analog_watchdog_on_selected_channel    ../../libopencm3/lib/libopencm3_stm32f4.a(adc_common_v1.o)
adc_enable_analog_watchdog_regular                ../../libopencm3/lib/libopencm3_stm32f4.a(adc_common_v1.o)
adc_enable_automatic_injected_group_conversion    ../../libopencm3/lib/libopencm3_stm32f4.a(adc_common_v1.o)
adc_enable_awd_interrupt                          ../../libopencm3/lib/libopencm3_stm32f4.a(adc_common_v1.o)
adc_enable_discontinuous_mode_injected            ../../libopencm3/lib/libopencm3_stm32f4.a(adc_common_v1.o)
adc_enable_discontinuous_mode_regular             ../../libopencm3/lib/libopencm3_stm32f4.a(adc_common_v1.o)
adc_enable_dma                                    ../../libopencm3/lib/libopencm3_stm32f4.a(adc_common_v1.o)
adc_enable_eoc_interrupt                          ../../libopencm3/lib/libopencm3_stm32f4.a(adc_common_v1.o)
adc_enable_eoc_interrupt_injected                 ../../libopencm3/lib/libopencm3_stm32f4.a(adc_common_v1.o)
adc_enable_external_trigger_injected              ../../libopencm3/lib/libopencm3_stm32f4.a(adc_common_v1_multi.o)
adc_enable_external_trigger_regular               ../../libopencm3/lib/libopencm3_stm32f4.a(adc_common_v1_multi.o)
adc_enable_overrun_interrupt                      ../../libopencm3/lib/libopencm3_stm32f4.a(adc_common_v1_multi.o)
adc_enable_scan_mode                              ../../libopencm3/lib/libopencm3_stm32f4.a(adc_common_v1.o)
adc_enable_temperature_sensor                     ../../libopencm3/lib/libopencm3_stm32f4.a(adc_common_v1_multi.o)
adc_enable_vbat_sensor                            ../../libopencm3/lib/libopencm3_stm32f4.a(adc_common_f47.o)
adc_eoc                                           ../../libopencm3/lib/libopencm3_stm32f4.a(adc_common_v1.o)
                                                  CMakeFiles/KURS.dir/src/main.c.o
adc_eoc_after_each                                ../../libopencm3/lib/libopencm3_stm32f4.a(adc_common_v1_multi.o)
adc_eoc_after_group                               ../../libopencm3/lib/libopencm3_stm32f4.a(adc_common_v1_multi.o)
adc_eoc_injected                                  ../../libopencm3/lib/libopencm3_stm32f4.a(adc_common_v1.o)
adc_get_flag                                      ../../libopencm3/lib/libopencm3_stm32f4.a(adc_common_v1.o)
adc_get_overrun_flag                              ../../libopencm3/lib/libopencm3_stm32f4.a(adc_common_v1_multi.o)
adc_isr                                           ../../libopencm3/lib/libopencm3_stm32f4.a(vector.o)
adc_power_off                                     ../../libopencm3/lib/libopencm3_stm32f4.a(adc_common_v1.o)
adc_power_on                                      ../../libopencm3/lib/libopencm3_stm32f4.a(adc_common_v1_multi.o)
                                                  CMakeFiles/KURS.dir/src/main.c.o
adc_read_injected                                 ../../libopencm3/lib/libopencm3_stm32f4.a(adc_common_v1.o)
adc_read_regular                                  ../../libopencm3/lib/libopencm3_stm32f4.a(adc_common_v1.o)
                                                  CMakeFiles/KURS.dir/src/main.c.o
adc_set_clk_prescale                              ../../libopencm3/lib/libopencm3_stm32f4.a(adc_common_v1_multi.o)
adc_set_continuous_conversion_mode                ../../libopencm3/lib/libopencm3_stm32f4.a(adc_common_v1.o)
adc_set_dma_continue                              ../../libopencm3/lib/libopencm3_stm32f4.a(adc_common_v1_multi.o)
adc_set_dma_terminate                             ../../libopencm3/lib/libopencm3_stm32f4.a(adc_common_v1_multi.o)
adc_set_injected_offset                           ../../libopencm3/lib/libopencm3_stm32f4.a(adc_common_v1.o)
adc_set_injected_sequence                         ../../libopencm3/lib/libopencm3_stm32f4.a(adc_common_v1.o)
adc_set_left_aligned                              ../../libopencm3/lib/libopencm3_stm32f4.a(adc_common_v1.o)
adc_set_multi_mode                                ../../libopencm3/lib/libopencm3_stm32f4.a(adc_common_f47.o)
adc_set_regular_sequence                          ../../libopencm3/lib/libopencm3_stm32f4.a(adc_common_v1.o)
adc_set_resolution                                ../../libopencm3/lib/libopencm3_stm32f4.a(adc_common_v1_multi.o)
adc_set_right_aligned                             ../../libopencm3/lib/libopencm3_stm32f4.a(adc_common_v1.o)
adc_set_sample_time                               ../../libopencm3/lib/libopencm3_stm32f4.a(adc_common_f47.o)
                                                  CMakeFiles/KURS.dir/src/main.c.o
adc_set_sample_time_on_all_channels               ../../libopencm3/lib/libopencm3_stm32f4.a(adc_common_f47.o)
adc_set_single_conversion_mode                    ../../libopencm3/lib/libopencm3_stm32f4.a(adc_common_v1.o)
                                                  CMakeFiles/KURS.dir/src/main.c.o
adc_set_watchdog_high_threshold                   ../../libopencm3/lib/libopencm3_stm32f4.a(adc_common_v1.o)
adc_set_watchdog_low_threshold                    ../../libopencm3/lib/libopencm3_stm32f4.a(adc_common_v1.o)
adc_start_conversion_injected                     ../../libopencm3/lib/libopencm3_stm32f4.a(adc_common_v1.o)
adc_start_conversion_regular                      ../../libopencm3/lib/libopencm3_stm32f4.a(adc_common_v1.o)
                                                  CMakeFiles/KURS.dir/src/main.c.o
atexit                                            /usr/lib/gcc/arm-none-eabi/6.3.1/../../../arm-none-eabi/lib/thumb/v7e-m/fpv4-sp/hard/libc_nano.a(lib_a-atexit.o)
                                                  /usr/lib/gcc/arm-none-eabi/6.3.1/../../../arm-none-eabi/lib/thumb/v7e-m/fpv4-sp/hard/crt0.o
b                                                 CMakeFiles/KURS.dir/src/main.c.o
blocking_handler                                  ../../libopencm3/lib/libopencm3_stm32f4.a(vector.o)
bus_fault_handler                                 ../../libopencm3/lib/libopencm3_stm32f4.a(vector.o)
can1_rx0_isr                                      ../../libopencm3/lib/libopencm3_stm32f4.a(vector.o)
can1_rx1_isr                                      ../../libopencm3/lib/libopencm3_stm32f4.a(vector.o)
can1_sce_isr                                      ../../libopencm3/lib/libopencm3_stm32f4.a(vector.o)
can1_tx_isr                                       ../../libopencm3/lib/libopencm3_stm32f4.a(vector.o)
can2_rx0_isr                                      ../../libopencm3/lib/libopencm3_stm32f4.a(vector.o)
can2_rx1_isr                                      ../../libopencm3/lib/libopencm3_stm32f4.a(vector.o)
can2_sce_isr                                      ../../libopencm3/lib/libopencm3_stm32f4.a(vector.o)
can2_tx_isr                                       ../../libopencm3/lib/libopencm3_stm32f4.a(vector.o)
clocks                                            CMakeFiles/KURS.dir/src/main.c.o
cryp_isr                                          ../../libopencm3/lib/libopencm3_stm32f4.a(vector.o)
dac                                               CMakeFiles/KURS.dir/src/main.c.o
dac_buffer_disable                                ../../libopencm3/lib/libopencm3_stm32f4.a(dac_common_all.o)
dac_buffer_enable                                 ../../libopencm3/lib/libopencm3_stm32f4.a(dac_common_all.o)
dac_disable                                       ../../libopencm3/lib/libopencm3_stm32f4.a(dac_common_all.o)
dac_disable_waveform_generation                   ../../libopencm3/lib/libopencm3_stm32f4.a(dac_common_all.o)
dac_dma_disable                                   ../../libopencm3/lib/libopencm3_stm32f4.a(dac_common_all.o)
dac_dma_enable                                    ../../libopencm3/lib/libopencm3_stm32f4.a(dac_common_all.o)
dac_enable                                        ../../libopencm3/lib/libopencm3_stm32f4.a(dac_common_all.o)
                                                  CMakeFiles/KURS.dir/src/main.c.o
dac_load_data_buffer_dual                         ../../libopencm3/lib/libopencm3_stm32f4.a(dac_common_all.o)
dac_load_data_buffer_single                       ../../libopencm3/lib/libopencm3_stm32f4.a(dac_common_all.o)
                                                  CMakeFiles/KURS.dir/src/main.c.o
dac_set_trigger_source                            ../../libopencm3/lib/libopencm3_stm32f4.a(dac_common_all.o)
dac_set_waveform_characteristics                  ../../libopencm3/lib/libopencm3_stm32f4.a(dac_common_all.o)
dac_set_waveform_generation                       ../../libopencm3/lib/libopencm3_stm32f4.a(dac_common_all.o)
dac_software_trigger                              ../../libopencm3/lib/libopencm3_stm32f4.a(dac_common_all.o)
dac_trigger_disable                               ../../libopencm3/lib/libopencm3_stm32f4.a(dac_common_all.o)
dac_trigger_enable                                ../../libopencm3/lib/libopencm3_stm32f4.a(dac_common_all.o)
dcmi_isr                                          ../../libopencm3/lib/libopencm3_stm32f4.a(vector.o)
debug_monitor_handler                             ../../libopencm3/lib/libopencm3_stm32f4.a(vector.o)
dma1_stream0_isr                                  ../../libopencm3/lib/libopencm3_stm32f4.a(vector.o)
dma1_stream1_isr                                  ../../libopencm3/lib/libopencm3_stm32f4.a(vector.o)
dma1_stream2_isr                                  ../../libopencm3/lib/libopencm3_stm32f4.a(vector.o)
dma1_stream3_isr                                  ../../libopencm3/lib/libopencm3_stm32f4.a(vector.o)
dma1_stream4_isr                                  ../../libopencm3/lib/libopencm3_stm32f4.a(vector.o)
dma1_stream5_isr                                  ../../libopencm3/lib/libopencm3_stm32f4.a(vector.o)
dma1_stream6_isr                                  ../../libopencm3/lib/libopencm3_stm32f4.a(vector.o)
dma1_stream7_isr                                  ../../libopencm3/lib/libopencm3_stm32f4.a(vector.o)
dma2_stream0_isr                                  ../../libopencm3/lib/libopencm3_stm32f4.a(vector.o)
dma2_stream1_isr                                  ../../libopencm3/lib/libopencm3_stm32f4.a(vector.o)
dma2_stream2_isr                                  ../../libopencm3/lib/libopencm3_stm32f4.a(vector.o)
dma2_stream3_isr                                  ../../libopencm3/lib/libopencm3_stm32f4.a(vector.o)
dma2_stream4_isr                                  ../../libopencm3/lib/libopencm3_stm32f4.a(vector.o)
dma2_stream5_isr                                  ../../libopencm3/lib/libopencm3_stm32f4.a(vector.o)
dma2_stream6_isr                                  ../../libopencm3/lib/libopencm3_stm32f4.a(vector.o)
dma2_stream7_isr                                  ../../libopencm3/lib/libopencm3_stm32f4.a(vector.o)
dma2d_isr                                         ../../libopencm3/lib/libopencm3_stm32f4.a(vector.o)
eth_isr                                           ../../libopencm3/lib/libopencm3_stm32f4.a(vector.o)
eth_wkup_isr                                      ../../libopencm3/lib/libopencm3_stm32f4.a(vector.o)
exit                                              /usr/lib/gcc/arm-none-eabi/6.3.1/../../../arm-none-eabi/lib/thumb/v7e-m/fpv4-sp/hard/libc_nano.a(lib_a-exit.o)
                                                  /usr/lib/gcc/arm-none-eabi/6.3.1/../../../arm-none-eabi/lib/thumb/v7e-m/fpv4-sp/hard/crt0.o
exti0_isr                                         ../../libopencm3/lib/libopencm3_stm32f4.a(vector.o)
exti15_10_isr                                     ../../libopencm3/lib/libopencm3_stm32f4.a(vector.o)
exti1_isr                                         ../../libopencm3/lib/libopencm3_stm32f4.a(vector.o)
exti2_isr                                         ../../libopencm3/lib/libopencm3_stm32f4.a(vector.o)
exti3_isr                                         ../../libopencm3/lib/libopencm3_stm32f4.a(vector.o)
exti4_isr                                         ../../libopencm3/lib/libopencm3_stm32f4.a(vector.o)
exti9_5_isr                                       ../../libopencm3/lib/libopencm3_stm32f4.a(vector.o)
first_sample                                      CMakeFiles/KURS.dir/src/main.c.o
flash_dcache_disable                              ../../libopencm3/lib/libopencm3_stm32f4.a(flash_common_idcache.o)
                                                  ../../libopencm3/lib/libopencm3_stm32f4.a(rcc.o)
flash_dcache_enable                               ../../libopencm3/lib/libopencm3_stm32f4.a(flash_common_idcache.o)
                                                  ../../libopencm3/lib/libopencm3_stm32f4.a(rcc.o)
flash_dcache_reset                                ../../libopencm3/lib/libopencm3_stm32f4.a(flash_common_idcache.o)
flash_icache_disable                              ../../libopencm3/lib/libopencm3_stm32f4.a(flash_common_idcache.o)
                                                  ../../libopencm3/lib/libopencm3_stm32f4.a(rcc.o)
flash_icache_enable                               ../../libopencm3/lib/libopencm3_stm32f4.a(flash_common_idcache.o)
                                                  ../../libopencm3/lib/libopencm3_stm32f4.a(rcc.o)
flash_icache_reset                                ../../libopencm3/lib/libopencm3_stm32f4.a(flash_common_idcache.o)
flash_isr                                         ../../libopencm3/lib/libopencm3_stm32f4.a(vector.o)
flash_prefetch_disable                            ../../libopencm3/lib/libopencm3_stm32f4.a(flash_common_all.o)
flash_prefetch_enable                             ../../libopencm3/lib/libopencm3_stm32f4.a(flash_common_all.o)
flash_set_ws                                      ../../libopencm3/lib/libopencm3_stm32f4.a(flash_common_all.o)
                                                  ../../libopencm3/lib/libopencm3_stm32f4.a(rcc.o)
flash_unlock_option_bytes                         ../../libopencm3/lib/libopencm3_stm32f4.a(flash_common_all.o)
fpu_isr                                           ../../libopencm3/lib/libopencm3_stm32f4.a(vector.o)
free                                              /usr/lib/gcc/arm-none-eabi/6.3.1/../../../arm-none-eabi/lib/thumb/v7e-m/fpv4-sp/hard/libc_nano.a(lib_a-__call_atexit.o)
fsmc_isr                                          ../../libopencm3/lib/libopencm3_stm32f4.a(vector.o)
gpio_clear                                        ../../libopencm3/lib/libopencm3_stm32f4.a(gpio_common_all.o)
                                                  CMakeFiles/KURS.dir/src/main.c.o
gpio_get                                          ../../libopencm3/lib/libopencm3_stm32f4.a(gpio_common_all.o)
gpio_mode_setup                                   ../../libopencm3/lib/libopencm3_stm32f4.a(gpio_common_f0234.o)
                                                  CMakeFiles/KURS.dir/src/main.c.o
gpio_port_config_lock                             ../../libopencm3/lib/libopencm3_stm32f4.a(gpio_common_all.o)
gpio_port_read                                    ../../libopencm3/lib/libopencm3_stm32f4.a(gpio_common_all.o)
gpio_port_write                                   ../../libopencm3/lib/libopencm3_stm32f4.a(gpio_common_all.o)
gpio_set                                          ../../libopencm3/lib/libopencm3_stm32f4.a(gpio_common_all.o)
                                                  CMakeFiles/KURS.dir/src/main.c.o
gpio_set_af                                       ../../libopencm3/lib/libopencm3_stm32f4.a(gpio_common_f0234.o)
gpio_set_output_options                           ../../libopencm3/lib/libopencm3_stm32f4.a(gpio_common_f0234.o)
gpio_toggle                                       ../../libopencm3/lib/libopencm3_stm32f4.a(gpio_common_all.o)
hard_fault_handler                                ../../libopencm3/lib/libopencm3_stm32f4.a(vector.o)
hardware_init_hook                                /usr/lib/gcc/arm-none-eabi/6.3.1/../../../arm-none-eabi/lib/thumb/v7e-m/fpv4-sp/hard/crt0.o
hash_rng_isr                                      ../../libopencm3/lib/libopencm3_stm32f4.a(vector.o)
i2c1_er_isr                                       ../../libopencm3/lib/libopencm3_stm32f4.a(vector.o)
i2c1_ev_isr                                       ../../libopencm3/lib/libopencm3_stm32f4.a(vector.o)
i2c2_er_isr                                       ../../libopencm3/lib/libopencm3_stm32f4.a(vector.o)
i2c2_ev_isr                                       ../../libopencm3/lib/libopencm3_stm32f4.a(vector.o)
i2c3_er_isr                                       ../../libopencm3/lib/libopencm3_stm32f4.a(vector.o)
i2c3_ev_isr                                       ../../libopencm3/lib/libopencm3_stm32f4.a(vector.o)
lcd_tft_err_isr                                   ../../libopencm3/lib/libopencm3_stm32f4.a(vector.o)
lcd_tft_isr                                       ../../libopencm3/lib/libopencm3_stm32f4.a(vector.o)
main                                              CMakeFiles/KURS.dir/src/main.c.o
                                                  ../../libopencm3/lib/libopencm3_stm32f4.a(vector.o)
                                                  /usr/lib/gcc/arm-none-eabi/6.3.1/../../../arm-none-eabi/lib/thumb/v7e-m/fpv4-sp/hard/crt0.o
malloc                                            /usr/lib/gcc/arm-none-eabi/6.3.1/../../../arm-none-eabi/lib/thumb/v7e-m/fpv4-sp/hard/libc_nano.a(lib_a-__atexit.o)
mem_manage_handler                                ../../libopencm3/lib/libopencm3_stm32f4.a(vector.o)
memset                                            /usr/lib/gcc/arm-none-eabi/6.3.1/../../../arm-none-eabi/lib/thumb/v7e-m/fpv4-sp/hard/libc_nano.a(lib_a-memset.o)
                                                  /usr/lib/gcc/arm-none-eabi/6.3.1/../../../arm-none-eabi/lib/thumb/v7e-m/fpv4-sp/hard/crt0.o
nmi_handler                                       ../../libopencm3/lib/libopencm3_stm32f4.a(vector.o)
null_handler                                      ../../libopencm3/lib/libopencm3_stm32f4.a(vector.o)
nvic_wwdg_isr                                     ../../libopencm3/lib/libopencm3_stm32f4.a(vector.o)
otg_fs_isr                                        ../../libopencm3/lib/libopencm3_stm32f4.a(vector.o)
otg_hs_ep1_in_isr                                 ../../libopencm3/lib/libopencm3_stm32f4.a(vector.o)
otg_hs_ep1_out_isr                                ../../libopencm3/lib/libopencm3_stm32f4.a(vector.o)
otg_hs_isr                                        ../../libopencm3/lib/libopencm3_stm32f4.a(vector.o)
otg_hs_wkup_isr                                   ../../libopencm3/lib/libopencm3_stm32f4.a(vector.o)
pend_sv_handler                                   ../../libopencm3/lib/libopencm3_stm32f4.a(vector.o)
pvd_isr                                           ../../libopencm3/lib/libopencm3_stm32f4.a(vector.o)
pwr_set_vos_scale                                 ../../libopencm3/lib/libopencm3_stm32f4.a(pwr.o)
                                                  ../../libopencm3/lib/libopencm3_stm32f4.a(rcc.o)
rcc_ahb_frequency                                 ../../libopencm3/lib/libopencm3_stm32f4.a(rcc.o)
rcc_apb1_frequency                                ../../libopencm3/lib/libopencm3_stm32f4.a(rcc.o)
rcc_apb2_frequency                                ../../libopencm3/lib/libopencm3_stm32f4.a(rcc.o)
rcc_clock_setup_hse_3v3                           ../../libopencm3/lib/libopencm3_stm32f4.a(rcc.o)
rcc_clock_setup_pll                               ../../libopencm3/lib/libopencm3_stm32f4.a(rcc.o)
                                                  CMakeFiles/KURS.dir/src/main.c.o
rcc_css_disable                                   ../../libopencm3/lib/libopencm3_stm32f4.a(rcc.o)
rcc_css_enable                                    ../../libopencm3/lib/libopencm3_stm32f4.a(rcc.o)
rcc_css_int_clear                                 ../../libopencm3/lib/libopencm3_stm32f4.a(rcc.o)
rcc_css_int_flag                                  ../../libopencm3/lib/libopencm3_stm32f4.a(rcc.o)
rcc_hse_12mhz_3v3                                 ../../libopencm3/lib/libopencm3_stm32f4.a(rcc.o)
rcc_hse_16mhz_3v3                                 ../../libopencm3/lib/libopencm3_stm32f4.a(rcc.o)
rcc_hse_25mhz_3v3                                 ../../libopencm3/lib/libopencm3_stm32f4.a(rcc.o)
rcc_hse_8mhz_3v3                                  ../../libopencm3/lib/libopencm3_stm32f4.a(rcc.o)
                                                  CMakeFiles/KURS.dir/src/main.c.o
rcc_hsi_configs                                   ../../libopencm3/lib/libopencm3_stm32f4.a(rcc.o)
rcc_is_osc_ready                                  ../../libopencm3/lib/libopencm3_stm32f4.a(rcc.o)
rcc_isr                                           ../../libopencm3/lib/libopencm3_stm32f4.a(vector.o)
rcc_osc_bypass_disable                            ../../libopencm3/lib/libopencm3_stm32f4.a(rcc_common_all.o)
rcc_osc_bypass_enable                             ../../libopencm3/lib/libopencm3_stm32f4.a(rcc_common_all.o)
rcc_osc_off                                       ../../libopencm3/lib/libopencm3_stm32f4.a(rcc.o)
rcc_osc_on                                        ../../libopencm3/lib/libopencm3_stm32f4.a(rcc.o)
rcc_osc_ready_int_clear                           ../../libopencm3/lib/libopencm3_stm32f4.a(rcc.o)
rcc_osc_ready_int_disable                         ../../libopencm3/lib/libopencm3_stm32f4.a(rcc.o)
rcc_osc_ready_int_enable                          ../../libopencm3/lib/libopencm3_stm32f4.a(rcc.o)
rcc_osc_ready_int_flag                            ../../libopencm3/lib/libopencm3_stm32f4.a(rcc.o)
rcc_periph_clock_disable                          ../../libopencm3/lib/libopencm3_stm32f4.a(rcc_common_all.o)
rcc_periph_clock_enable                           ../../libopencm3/lib/libopencm3_stm32f4.a(rcc_common_all.o)
                                                  ../../libopencm3/lib/libopencm3_stm32f4.a(rcc.o)
                                                  CMakeFiles/KURS.dir/src/main.c.o
rcc_periph_reset_hold                             ../../libopencm3/lib/libopencm3_stm32f4.a(rcc_common_all.o)
rcc_periph_reset_pulse                            ../../libopencm3/lib/libopencm3_stm32f4.a(rcc_common_all.o)
rcc_periph_reset_release                          ../../libopencm3/lib/libopencm3_stm32f4.a(rcc_common_all.o)
rcc_peripheral_clear_reset                        ../../libopencm3/lib/libopencm3_stm32f4.a(rcc_common_all.o)
rcc_peripheral_disable_clock                      ../../libopencm3/lib/libopencm3_stm32f4.a(rcc_common_all.o)
rcc_peripheral_enable_clock                       ../../libopencm3/lib/libopencm3_stm32f4.a(rcc_common_all.o)
rcc_peripheral_reset                              ../../libopencm3/lib/libopencm3_stm32f4.a(rcc_common_all.o)
rcc_plli2s_config                                 ../../libopencm3/lib/libopencm3_stm32f4.a(rcc.o)
rcc_pllsai_config                                 ../../libopencm3/lib/libopencm3_stm32f4.a(rcc.o)
rcc_pllsai_postscalers                            ../../libopencm3/lib/libopencm3_stm32f4.a(rcc.o)
rcc_set_hpre                                      ../../libopencm3/lib/libopencm3_stm32f4.a(rcc.o)
rcc_set_main_pll_hse                              ../../libopencm3/lib/libopencm3_stm32f4.a(rcc.o)
rcc_set_main_pll_hsi                              ../../libopencm3/lib/libopencm3_stm32f4.a(rcc.o)
rcc_set_mco                                       ../../libopencm3/lib/libopencm3_stm32f4.a(rcc_common_all.o)
rcc_set_pll_source                                ../../libopencm3/lib/libopencm3_stm32f4.a(rcc.o)
rcc_set_ppre1                                     ../../libopencm3/lib/libopencm3_stm32f4.a(rcc.o)
rcc_set_ppre2                                     ../../libopencm3/lib/libopencm3_stm32f4.a(rcc.o)
rcc_set_rtcpre                                    ../../libopencm3/lib/libopencm3_stm32f4.a(rcc.o)
rcc_set_sysclk_source                             ../../libopencm3/lib/libopencm3_stm32f4.a(rcc.o)
rcc_system_clock_source                           ../../libopencm3/lib/libopencm3_stm32f4.a(rcc.o)
rcc_wait_for_osc_ready                            ../../libopencm3/lib/libopencm3_stm32f4.a(rcc.o)
rcc_wait_for_sysclk_status                        ../../libopencm3/lib/libopencm3_stm32f4.a(rcc.o)
reset_handler                                     ../../libopencm3/lib/libopencm3_stm32f4.a(vector.o)
round                                             /usr/lib/gcc/arm-none-eabi/6.3.1/../../../arm-none-eabi/lib/thumb/v7e-m/fpv4-sp/hard/libm.a(lib_a-s_round.o)
                                                  CMakeFiles/KURS.dir/src/main.c.o
rtc_alarm_isr                                     ../../libopencm3/lib/libopencm3_stm32f4.a(vector.o)
rtc_wkup_isr                                      ../../libopencm3/lib/libopencm3_stm32f4.a(vector.o)
sai1_isr                                          ../../libopencm3/lib/libopencm3_stm32f4.a(vector.o)
sdio_isr                                          ../../libopencm3/lib/libopencm3_stm32f4.a(vector.o)
setup_adc                                         CMakeFiles/KURS.dir/src/main.c.o
setup_dac                                         CMakeFiles/KURS.dir/src/main.c.o
setup_timer                                       CMakeFiles/KURS.dir/src/main.c.o
software_init_hook                                /usr/lib/gcc/arm-none-eabi/6.3.1/../../../arm-none-eabi/lib/thumb/v7e-m/fpv4-sp/hard/crt0.o
spi1_isr                                          ../../libopencm3/lib/libopencm3_stm32f4.a(vector.o)
spi2_isr                                          ../../libopencm3/lib/libopencm3_stm32f4.a(vector.o)
spi3_isr                                          ../../libopencm3/lib/libopencm3_stm32f4.a(vector.o)
spi4_isr                                          ../../libopencm3/lib/libopencm3_stm32f4.a(vector.o)
spi5_isr                                          ../../libopencm3/lib/libopencm3_stm32f4.a(vector.o)
spi6_isr                                          ../../libopencm3/lib/libopencm3_stm32f4.a(vector.o)
sv_call_handler                                   ../../libopencm3/lib/libopencm3_stm32f4.a(vector.o)
sys_tick_handler                                  ../../libopencm3/lib/libopencm3_stm32f4.a(vector.o)
tamp_stamp_isr                                    ../../libopencm3/lib/libopencm3_stm32f4.a(vector.o)
tim1_brk_tim9_isr                                 ../../libopencm3/lib/libopencm3_stm32f4.a(vector.o)
tim1_cc_isr                                       ../../libopencm3/lib/libopencm3_stm32f4.a(vector.o)
tim1_trg_com_tim11_isr                            ../../libopencm3/lib/libopencm3_stm32f4.a(vector.o)
tim1_up_tim10_isr                                 ../../libopencm3/lib/libopencm3_stm32f4.a(vector.o)
tim2_isr                                          ../../libopencm3/lib/libopencm3_stm32f4.a(vector.o)
tim3_isr                                          ../../libopencm3/lib/libopencm3_stm32f4.a(vector.o)
tim4_isr                                          ../../libopencm3/lib/libopencm3_stm32f4.a(vector.o)
tim5_isr                                          ../../libopencm3/lib/libopencm3_stm32f4.a(vector.o)
tim6_dac_isr                                      ../../libopencm3/lib/libopencm3_stm32f4.a(vector.o)
tim7_isr                                          ../../libopencm3/lib/libopencm3_stm32f4.a(vector.o)
tim8_brk_tim12_isr                                ../../libopencm3/lib/libopencm3_stm32f4.a(vector.o)
tim8_cc_isr                                       ../../libopencm3/lib/libopencm3_stm32f4.a(vector.o)
tim8_trg_com_tim14_isr                            ../../libopencm3/lib/libopencm3_stm32f4.a(vector.o)
tim8_up_tim13_isr                                 ../../libopencm3/lib/libopencm3_stm32f4.a(vector.o)
timer_clear_flag                                  ../../libopencm3/lib/libopencm3_stm32f4.a(timer_common_all.o)
                                                  CMakeFiles/KURS.dir/src/main.c.o
timer_continuous_mode                             ../../libopencm3/lib/libopencm3_stm32f4.a(timer_common_all.o)
timer_direction_down                              ../../libopencm3/lib/libopencm3_stm32f4.a(timer_common_all.o)
timer_direction_up                                ../../libopencm3/lib/libopencm3_stm32f4.a(timer_common_all.o)
timer_disable_break                               ../../libopencm3/lib/libopencm3_stm32f4.a(timer_common_all.o)
timer_disable_break_automatic_output              ../../libopencm3/lib/libopencm3_stm32f4.a(timer_common_all.o)
timer_disable_break_main_output                   ../../libopencm3/lib/libopencm3_stm32f4.a(timer_common_all.o)
timer_disable_compare_control_update_on_trigger   ../../libopencm3/lib/libopencm3_stm32f4.a(timer_common_all.o)
timer_disable_counter                             ../../libopencm3/lib/libopencm3_stm32f4.a(timer_common_all.o)
timer_disable_irq                                 ../../libopencm3/lib/libopencm3_stm32f4.a(timer_common_all.o)
timer_disable_oc_clear                            ../../libopencm3/lib/libopencm3_stm32f4.a(timer_common_all.o)
timer_disable_oc_output                           ../../libopencm3/lib/libopencm3_stm32f4.a(timer_common_all.o)
timer_disable_oc_preload                          ../../libopencm3/lib/libopencm3_stm32f4.a(timer_common_all.o)
timer_disable_preload                             ../../libopencm3/lib/libopencm3_stm32f4.a(timer_common_all.o)
timer_disable_preload_complementry_enable_bits    ../../libopencm3/lib/libopencm3_stm32f4.a(timer_common_all.o)
timer_disable_update_event                        ../../libopencm3/lib/libopencm3_stm32f4.a(timer_common_all.o)
timer_enable_break                                ../../libopencm3/lib/libopencm3_stm32f4.a(timer_common_all.o)
timer_enable_break_automatic_output               ../../libopencm3/lib/libopencm3_stm32f4.a(timer_common_all.o)
timer_enable_break_main_output                    ../../libopencm3/lib/libopencm3_stm32f4.a(timer_common_all.o)
timer_enable_compare_control_update_on_trigger    ../../libopencm3/lib/libopencm3_stm32f4.a(timer_common_all.o)
timer_enable_counter                              ../../libopencm3/lib/libopencm3_stm32f4.a(timer_common_all.o)
                                                  CMakeFiles/KURS.dir/src/main.c.o
timer_enable_irq                                  ../../libopencm3/lib/libopencm3_stm32f4.a(timer_common_all.o)
                                                  CMakeFiles/KURS.dir/src/main.c.o
timer_enable_oc_clear                             ../../libopencm3/lib/libopencm3_stm32f4.a(timer_common_all.o)
timer_enable_oc_output                            ../../libopencm3/lib/libopencm3_stm32f4.a(timer_common_all.o)
timer_enable_oc_preload                           ../../libopencm3/lib/libopencm3_stm32f4.a(timer_common_all.o)
timer_enable_preload                              ../../libopencm3/lib/libopencm3_stm32f4.a(timer_common_all.o)
timer_enable_preload_complementry_enable_bits     ../../libopencm3/lib/libopencm3_stm32f4.a(timer_common_all.o)